Archive member included to satisfy reference by file (symbol)

C:/ST/STM32CubeIDE_1.19.0/STM32CubeIDE/plugins/com.st.stm32cube.ide.mcu.externaltools.gnu-tools-for-stm32.13.3.rel1.win32_1.0.0.202411081344/tools/bin/../lib/gcc/arm-none-eabi/13.3.1/../../../../arm-none-eabi/lib/thumb/v7e-m+fp/hard\libc_nano.a(libc_a-exit.o)
                              C:/ST/STM32CubeIDE_1.19.0/STM32CubeIDE/plugins/com.st.stm32cube.ide.mcu.externaltools.gnu-tools-for-stm32.13.3.rel1.win32_1.0.0.202411081344/tools/bin/../lib/gcc/arm-none-eabi/13.3.1/../../../../arm-none-eabi/lib/thumb/v7e-m+fp/hard/crt0.o (exit)
C:/ST/STM32CubeIDE_1.19.0/STM32CubeIDE/plugins/com.st.stm32cube.ide.mcu.externaltools.gnu-tools-for-stm32.13.3.rel1.win32_1.0.0.202411081344/tools/bin/../lib/gcc/arm-none-eabi/13.3.1/../../../../arm-none-eabi/lib/thumb/v7e-m+fp/hard\libc_nano.a(libc_a-findfp.o)
                              ./Middlewares/Third_Party/FreeRTOS/Source/tasks.o (__sf)
C:/ST/STM32CubeIDE_1.19.0/STM32CubeIDE/plugins/com.st.stm32cube.ide.mcu.externaltools.gnu-tools-for-stm32.13.3.rel1.win32_1.0.0.202411081344/tools/bin/../lib/gcc/arm-none-eabi/13.3.1/../../../../arm-none-eabi/lib/thumb/v7e-m+fp/hard\libc_nano.a(libc_a-fwalk.o)
                              C:/ST/STM32CubeIDE_1.19.0/STM32CubeIDE/plugins/com.st.stm32cube.ide.mcu.externaltools.gnu-tools-for-stm32.13.3.rel1.win32_1.0.0.202411081344/tools/bin/../lib/gcc/arm-none-eabi/13.3.1/../../../../arm-none-eabi/lib/thumb/v7e-m+fp/hard\libc_nano.a(libc_a-findfp.o) (_fwalk_sglue)
C:/ST/STM32CubeIDE_1.19.0/STM32CubeIDE/plugins/com.st.stm32cube.ide.mcu.externaltools.gnu-tools-for-stm32.13.3.rel1.win32_1.0.0.202411081344/tools/bin/../lib/gcc/arm-none-eabi/13.3.1/../../../../arm-none-eabi/lib/thumb/v7e-m+fp/hard\libc_nano.a(libc_a-stdio.o)
                              C:/ST/STM32CubeIDE_1.19.0/STM32CubeIDE/plugins/com.st.stm32cube.ide.mcu.externaltools.gnu-tools-for-stm32.13.3.rel1.win32_1.0.0.202411081344/tools/bin/../lib/gcc/arm-none-eabi/13.3.1/../../../../arm-none-eabi/lib/thumb/v7e-m+fp/hard\libc_nano.a(libc_a-findfp.o) (__sread)
C:/ST/STM32CubeIDE_1.19.0/STM32CubeIDE/plugins/com.st.stm32cube.ide.mcu.externaltools.gnu-tools-for-stm32.13.3.rel1.win32_1.0.0.202411081344/tools/bin/../lib/gcc/arm-none-eabi/13.3.1/../../../../arm-none-eabi/lib/thumb/v7e-m+fp/hard\libc_nano.a(libc_a-memset.o)
                              C:/ST/STM32CubeIDE_1.19.0/STM32CubeIDE/plugins/com.st.stm32cube.ide.mcu.externaltools.gnu-tools-for-stm32.13.3.rel1.win32_1.0.0.202411081344/tools/bin/../lib/gcc/arm-none-eabi/13.3.1/../../../../arm-none-eabi/lib/thumb/v7e-m+fp/hard/crt0.o (memset)
C:/ST/STM32CubeIDE_1.19.0/STM32CubeIDE/plugins/com.st.stm32cube.ide.mcu.externaltools.gnu-tools-for-stm32.13.3.rel1.win32_1.0.0.202411081344/tools/bin/../lib/gcc/arm-none-eabi/13.3.1/../../../../arm-none-eabi/lib/thumb/v7e-m+fp/hard\libc_nano.a(libc_a-closer.o)
                              C:/ST/STM32CubeIDE_1.19.0/STM32CubeIDE/plugins/com.st.stm32cube.ide.mcu.externaltools.gnu-tools-for-stm32.13.3.rel1.win32_1.0.0.202411081344/tools/bin/../lib/gcc/arm-none-eabi/13.3.1/../../../../arm-none-eabi/lib/thumb/v7e-m+fp/hard\libc_nano.a(libc_a-stdio.o) (_close_r)
C:/ST/STM32CubeIDE_1.19.0/STM32CubeIDE/plugins/com.st.stm32cube.ide.mcu.externaltools.gnu-tools-for-stm32.13.3.rel1.win32_1.0.0.202411081344/tools/bin/../lib/gcc/arm-none-eabi/13.3.1/../../../../arm-none-eabi/lib/thumb/v7e-m+fp/hard\libc_nano.a(libc_a-reent.o)
                              ./Middlewares/Third_Party/FreeRTOS/Source/tasks.o (_reclaim_reent)
C:/ST/STM32CubeIDE_1.19.0/STM32CubeIDE/plugins/com.st.stm32cube.ide.mcu.externaltools.gnu-tools-for-stm32.13.3.rel1.win32_1.0.0.202411081344/tools/bin/../lib/gcc/arm-none-eabi/13.3.1/../../../../arm-none-eabi/lib/thumb/v7e-m+fp/hard\libc_nano.a(libc_a-impure.o)
                              ./Middlewares/Third_Party/FreeRTOS/Source/tasks.o (_impure_ptr)
C:/ST/STM32CubeIDE_1.19.0/STM32CubeIDE/plugins/com.st.stm32cube.ide.mcu.externaltools.gnu-tools-for-stm32.13.3.rel1.win32_1.0.0.202411081344/tools/bin/../lib/gcc/arm-none-eabi/13.3.1/../../../../arm-none-eabi/lib/thumb/v7e-m+fp/hard\libc_nano.a(libc_a-lseekr.o)
                              C:/ST/STM32CubeIDE_1.19.0/STM32CubeIDE/plugins/com.st.stm32cube.ide.mcu.externaltools.gnu-tools-for-stm32.13.3.rel1.win32_1.0.0.202411081344/tools/bin/../lib/gcc/arm-none-eabi/13.3.1/../../../../arm-none-eabi/lib/thumb/v7e-m+fp/hard\libc_nano.a(libc_a-stdio.o) (_lseek_r)
C:/ST/STM32CubeIDE_1.19.0/STM32CubeIDE/plugins/com.st.stm32cube.ide.mcu.externaltools.gnu-tools-for-stm32.13.3.rel1.win32_1.0.0.202411081344/tools/bin/../lib/gcc/arm-none-eabi/13.3.1/../../../../arm-none-eabi/lib/thumb/v7e-m+fp/hard\libc_nano.a(libc_a-readr.o)
[...]
Memory Configuration

Name             Origin             Length             Attributes
RAM              0x20000000         0x00020000         xrw
FLASH            0x08000000         0x00080000         xr
*default*        0x00000000         0xffffffff

Linker script and memory map

LOAD C:/ST/STM32CubeIDE_1.19.0/STM32CubeIDE/plugins/com.st.stm32cube.ide.mcu.externaltools.gnu-tools-for-stm32.13.3.rel1.win32_1.0.0.202411081344/tools/bin/../lib/gcc/arm-none-eabi/13.3.1/thumb/v7e-m+fp/hard/crti.o
LOAD C:/ST/STM32CubeIDE_1.19.0/STM32CubeIDE/plugins/com.st.stm32cube.ide.mcu.externaltools.gnu-tools-for-stm32.13.3.rel1.win32_1.0.0.202411081344/tools/bin/../lib/gcc/arm-none-eabi/13.3.1/thumb/v7e-m+fp/hard/crtbegin.o
LOAD C:/ST/STM32CubeIDE_1.19.0/STM32CubeIDE/plugins/com.st.stm32cube.ide.mcu.externaltools.gnu-tools-for-stm32.13.3.rel1.win32_1.0.0.202411081344/tools/bin/../lib/gcc/arm-none-eabi/13.3.1/../../../../arm-none-eabi/lib/thumb/v7e-m+fp/hard/crt0.o
LOAD ./Application/accelerometer_sens.o
LOAD ./Application/display_driver.o
LOAD ./Application/light_sens.o
LOAD ./Application/lvgl_send.o
LOAD ./Application/my_detach.o
LOAD ./Application/myapp.o
LOAD ./Application/sens_detect.o
LOAD ./Application/temp_sens.o
LOAD ./Core/Src/app_freertos.o
LOAD ./Core/Src/gpio.o
LOAD ./Core/Src/i2c.o
LOAD ./Core/Src/main.o
LOAD ./Core/Src/spi.o
LOAD ./Core/Src/stm32g4xx_hal_msp.o
LOAD ./Core/Src/stm32g4xx_hal_timebase_tim.o
LOAD ./Core/Src/stm32g4xx_it.o
LOAD ./Core/Src/syscalls.o
LOAD ./Core/Src/sysmem.o
LOAD ./Core/Src/system_stm32g4xx.o
LOAD ./Core/Startup/startup_stm32g473cetx.o
LOAD ./Drivers/STM32G4xx_HAL_Driver/Src/stm32g4xx_hal.o
LOAD ./Drivers/STM32G4xx_HAL_Driver/Src/stm32g4xx_hal_cortex.o
LOAD ./Drivers/STM32G4xx_HAL_Driver/Src/stm32g4xx_hal_dma.o
LOAD ./Drivers/STM32G4xx_HAL_Driver/Src/stm32g4xx_hal_dma_ex.o
LOAD ./Drivers/STM32G4xx_HAL_Driver/Src/stm32g4xx_hal_exti.o
LOAD ./Drivers/STM32G4xx_HAL_Driver/Src/stm32g4xx_hal_flash.o
LOAD ./Drivers/STM32G4xx_HAL_Driver/Src/stm32g4xx_hal_flash_ex.o
LOAD ./Drivers/STM32G4xx_HAL_Driver/Src/stm32g4xx_hal_flash_ramfunc.o
LOAD ./Drivers/STM32G4xx_HAL_Driver/Src/stm32g4xx_hal_gpio.o
LOAD ./Drivers/STM32G4xx_HAL_Driver/Src/stm32g4xx_hal_i2c.o
LOAD ./Drivers/STM32G4xx_HAL_Driver/Src/stm32g4xx_hal_i2c_ex.o
LOAD ./Drivers/STM32G4xx_HAL_Driver/Src/stm32g4xx_hal_pwr.o
LOAD ./Drivers/STM32G4xx_HAL_Driver/Src/stm32g4xx_hal_pwr_ex.o
LOAD ./Drivers/STM32G4xx_HAL_Driver/Src/stm32g4xx_hal_rcc.o
LOAD ./Drivers/STM32G4xx_HAL_Driver/Src/stm32g4xx_hal_rcc_ex.o
LOAD ./Drivers/STM32G4xx_HAL_Driver/Src/stm32g4xx_hal_spi.o
LOAD ./Drivers/STM32G4xx_HAL_Driver/Src/stm32g4xx_hal_spi_ex.o
LOAD ./Drivers/STM32G4xx_HAL_Driver/Src/stm32g4xx_hal_tim.o
LOAD ./Drivers/STM32G4xx_HAL_Driver/Src/stm32g4xx_hal_tim_ex.o
LOAD ./Middlewares/Third_Party/FreeRTOS/Source/CMSIS_RTOS_V2/cmsis_os2.o
LOAD ./Middlewares/Third_Party/FreeRTOS/Source/croutine.o
LOAD ./Middlewares/Third_Party/FreeRTOS/Source/event_groups.o
LOAD ./Middlewares/Third_Party/FreeRTOS/Source/list.o
LOAD ./Middlewares/Third_Party/FreeRTOS/Source/queue.o
LOAD ./Middlewares/Third_Party/FreeRTOS/Source/stream_buffer.o
LOAD ./Middlewares/Third_Party/FreeRTOS/Source/tasks.o
LOAD ./Middlewares/Third_Party/FreeRTOS/Source/timers.o
LOAD ./Middlewares/Third_Party/FreeRTOS/Source/portable/GCC/ARM_CM4F/port.o
LOAD ./Middlewares/Third_Party/FreeRTOS/Source/portable/MemMang/heap_4.o
START GROUP
LOAD C:/ST/STM32CubeIDE_1.19.0/STM32CubeIDE/plugins/com.st.stm32cube.ide.mcu.externaltools.gnu-tools-for-stm32.13.3.rel1.win32_1.0.0.202411081344/tools/bin/../lib/gcc/arm-none-eabi/13.3.1/../../../../arm-none-eabi/lib/thumb/v7e-m+fp/hard\libc_nano.a
LOAD C:/ST/STM32CubeIDE_1.19.0/STM32CubeIDE/plugins/com.st.stm32cube.ide.mcu.externaltools.gnu-tools-for-stm32.13.3.rel1.win32_1.0.0.202411081344/tools/bin/../lib/gcc/arm-none-eabi/13.3.1/../../../../arm-none-eabi/lib/thumb/v7e-m+fp/hard\libm.a
END GROUP
START GROUP
LOAD C:/ST/STM32CubeIDE_1.19.0/STM32CubeIDE/plugins/com.st.stm32cube.ide.mcu.externaltools.gnu-tools-for-stm32.13.3.rel1.win32_1.0.0.202411081344/tools/bin/../lib/gcc/arm-none-eabi/13.3.1/thumb/v7e-m+fp/hard\libgcc.a
LOAD C:/ST/STM32CubeIDE_1.19.0/STM32CubeIDE/plugins/com.st.stm32cube.ide.mcu.externaltools.gnu-tools-for-stm32.13.3.rel1.win32_1.0.0.202411081344/tools/bin/../lib/gcc/arm-none-eabi/13.3.1/../../../../arm-none-eabi/lib/thumb/v7e-m+fp/hard\libc_nano.a
END GROUP
START GROUP
LOAD C:/ST/STM32CubeIDE_1.19.0/STM32CubeIDE/plugins/com.st.stm32cube.ide.mcu.externaltools.gnu-tools-for-stm32.13.3.rel1.win32_1.0.0.202411081344/tools/bin/../lib/gcc/arm-none-eabi/13.3.1/thumb/v7e-m+fp/hard\libgcc.a
LOAD C:/ST/STM32CubeIDE_1.19.0/STM32CubeIDE/plugins/com.st.stm32cube.ide.mcu.externaltools.gnu-tools-for-stm32.13.3.rel1.win32_1.0.0.202411081344/tools/bin/../lib/gcc/arm-none-eabi/13.3.1/../../../../arm-none-eabi/lib/thumb/v7e-m+fp/hard\libc_nano.a
LOAD C:/ST/STM32CubeIDE_1.19.0/STM32CubeIDE/plugins/com.st.stm32cube.ide.mcu.externaltools.gnu-tools-for-stm32.13.3.rel1.win32_1.0.0.202411081344/tools/bin/../lib/gcc/arm-none-eabi/13.3.1/../../../../arm-none-eabi/lib/thumb/v7e-m+fp/hard\libnosys.a
END GROUP
START GROUP
LOAD C:/ST/STM32CubeIDE_1.19.0/STM32CubeIDE/plugins/com.st.stm32cube.ide.mcu.externaltools.gnu-tools-for-stm32.13.3.rel1.win32_1.0.0.202411081344/tools/bin/../lib/gcc/arm-none-eabi/13.3.1/thumb/v7e-m+fp/hard\libgcc.a
LOAD C:/ST/STM32CubeIDE_1.19.0/STM32CubeIDE/plugins/com.st.stm32cube.ide.mcu.externaltools.gnu-tools-for-stm32.13.3.rel1.win32_1.0.0.202411081344/tools/bin/../lib/gcc/arm-none-eabi/13.3.1/../../../../arm-none-eabi/lib/thumb/v7e-m+fp/hard\libc_nano.a
LOAD C:/ST/STM32CubeIDE_1.19.0/STM32CubeIDE/plugins/com.st.stm32cube.ide.mcu.externaltools.gnu-tools-for-stm32.13.3.rel1.win32_1.0.0.202411081344/tools/bin/../lib/gcc/arm-none-eabi/13.3.1/../../../../arm-none-eabi/lib/thumb/v7e-m+fp/hard\libnosys.a
END GROUP
LOAD C:/ST/STM32CubeIDE_1.19.0/STM32CubeIDE/plugins/com.st.stm32cube.ide.mcu.externaltools.gnu-tools-for-stm32.13.3.rel1.win32_1.0.0.202411081344/tools/bin/../lib/gcc/arm-none-eabi/13.3.1/thumb/v7e-m+fp/hard/crtend.o
LOAD C:/ST/STM32CubeIDE_1.19.0/STM32CubeIDE/plugins/com.st.stm32cube.ide.mcu.externaltools.gnu-tools-for-stm32.13.3.rel1.win32_1.0.0.202411081344/tools/bin/../lib/gcc/arm-none-eabi/13.3.1/thumb/v7e-m+fp/hard/crtn.o
                0x20020000                        _estack = (ORIGIN (RAM) + LENGTH (RAM))
                0x00000200                        _Min_Heap_Size = 0x200
                0x00000400                        _Min_Stack_Size = 0x400

.isr_vector     0x08000000      0x1d8
                0x08000000                        . = ALIGN (0x4)
 *(.isr_vector)
 .isr_vector    0x08000000      0x1d8 ./Core/Startup/startup_stm32g473cetx.o
                0x08000000                g_pfnVectors
                0x080001d8                        . = ALIGN (0x4)

.text           0x080001e0     0x84f0
                0x080001e0                        . = ALIGN (0x4)
 *(.text)
 .text          0x080001e0       0x40 C:/ST/STM32CubeIDE_1.19.0/STM32CubeIDE/plugins/com.st.stm32cube.ide.mcu.externaltools.gnu-tools-for-stm32.13.3.rel1.win32_1.0.0.202411081344/tools/bin/../lib/gcc/arm-none-eabi/13.3.1/thumb/v7e-m+fp/hard/crtbegin.o
 *(.text*)
 .text.I2C_accelerometer_transmit
                0x08000220       0x38 ./Application/accelerometer_sens.o
                0x08000220                I2C_accelerometer_transmit
 .text.accelerometer_config
                0x08000258       0x7c ./Application/accelerometer_sens.o
                0x08000258                accelerometer_config
 .text.accelormeter_thread_func
                0x080002d4      0x134 ./Application/accelerometer_sens.o
                0x080002d4                accelormeter_thread_func
 .text.accelerometer_INIT
                0x08000408       0x50 ./Application/accelerometer_sens.o
                0x08000408                accelerometer_INIT
 .text.display_write_command
                0x08000458       0x4c ./Application/display_driver.o
                0x08000458                display_write_command
 .text.display_write_data
                0x080004a4       0x4c ./Application/display_driver.o
                0x080004a4                display_write_data
 .text.display_hardware_reset
                0x080004f0       0x2c ./Application/display_driver.o
                0x080004f0                display_hardware_reset
 .text.display_software_reset
                0x0800051c       0x14 ./Application/display_driver.o
                0x0800051c                display_software_reset
 .text.display_sleep_out
                0x08000530       0x14 ./Application/display_driver.o
                0x08000530                display_sleep_out
 .text.display_inversion_on
                0x08000544        0xe ./Application/display_driver.o
                0x08000544                display_inversion_on
 .text.display_on
                0x08000552        0xe ./Application/display_driver.o
                0x08000552                display_on
 .text.display_start_frame
                0x08000560        0xe ./Application/display_driver.o
                0x08000560                display_start_frame
 .text.display_portait_vertical_flipped
                0x0800056e       0x14 ./Application/display_driver.o
                0x0800056e                display_portait_vertical_flipped
 .text.display_pixel_format_16bit
                0x08000582       0x14 ./Application/display_driver.o
                0x08000582                display_pixel_format_16bit
 .text.display_60hz_frame_rate_normal
                0x08000596       0x1a ./Application/display_driver.o
                0x08000596                display_60hz_frame_rate_normal
 .text.display_40hz_frame_rate_idle
                0x080005b0       0x1a ./Application/display_driver.o
                0x080005b0                display_40hz_frame_rate_idle
 .text.display_set_columns
                0x080005ca       0x56 ./Application/display_driver.o
                0x080005ca                display_set_columns
 .text.display_set_rows
                0x08000620       0x56 ./Application/display_driver.o
                0x08000620                display_set_rows
 *fill*         0x08000676        0x2 
 .text.display_set_img
                0x08000678       0xa0 ./Application/display_driver.o
                0x08000678                display_set_img
 .text.display_test_single_color
                0x08000718       0x68 ./Application/display_driver.o
                0x08000718                display_test_single_color
 .text.display_config
                0x08000780       0x62 ./Application/display_driver.o
                0x08000780                display_config
 .text.display_test_thread
                0x080007e2       0x3a ./Application/display_driver.o
                0x080007e2                display_test_thread
 .text.display_INIT
                0x0800081c       0x3c ./Application/display_driver.o
                0x0800081c                display_INIT
 .text.light_sens_config
                0x08000858       0x84 ./Application/light_sens.o
                0x08000858                light_sens_config
 .text.light_sens_thread_func
                0x080008dc      0x11c ./Application/light_sens.o
                0x080008dc                light_sens_thread_func
 .text.light_sens_INIT
                0x080009f8       0x50 ./Application/light_sens.o
                0x080009f8                light_sens_INIT
 .text.myapp    0x08000a48       0x2a ./Application/myapp.o
                0x08000a48                myapp
 *fill*         0x08000a72        0x2 
 .text.detect_thread_func
                0x08000a74       0xf0 ./Application/sens_detect.o
                0x08000a74                detect_thread_func
 .text.detect_INIT
                0x08000b64       0x68 ./Application/sens_detect.o
                0x08000b64                detect_INIT
 .text.get_flag_id
                0x08000bcc       0x18 ./Application/sens_detect.o
                0x08000bcc                get_flag_id
 .text.get_i2c_mutex_id
                0x08000be4       0x18 ./Application/sens_detect.o
                0x08000be4                get_i2c_mutex_id
 .text.temp_config
                0x08000bfc       0x3c ./Application/temp_sens.o
                0x08000bfc                temp_config
 .text.temp_thread_func
                0x08000c38      0x190 ./Application/temp_sens.o
                0x08000c38                temp_thread_func
 .text.temp_sens_INIT
                0x08000dc8       0x50 ./Application/temp_sens.o
                0x08000dc8                temp_sens_INIT
 .text.MX_FREERTOS_Init
                0x08000e18       0x28 ./Core/Src/app_freertos.o
                0x08000e18                MX_FREERTOS_Init
 .text.StartDefaultTask
                0x08000e40       0x10 ./Core/Src/app_freertos.o
                0x08000e40                StartDefaultTask
 .text.MX_GPIO_Init
                0x08000e50       0xb0 ./Core/Src/gpio.o
                0x08000e50                MX_GPIO_Init
 .text.MX_I2C2_Init
                0x08000f00       0x80 ./Core/Src/i2c.o
                0x08000f00                MX_I2C2_Init
 .text.HAL_I2C_MspInit
                0x08000f80       0xb0 ./Core/Src/i2c.o
                0x08000f80                HAL_I2C_MspInit
 .text.HAL_I2C_MspDeInit
                0x08001030       0x48 ./Core/Src/i2c.o
                0x08001030                HAL_I2C_MspDeInit
 .text.main     0x08001078       0x28 ./Core/Src/main.o
                0x08001078                main
 .text.SystemClock_Config
                0x080010a0       0x80 ./Core/Src/main.o
                0x080010a0                SystemClock_Config
 .text.HAL_TIM_PeriodElapsedCallback
                0x08001120       0x24 ./Core/Src/main.o
                0x08001120                HAL_TIM_PeriodElapsedCallback
 .text.Error_Handler
                0x08001144        0xc ./Core/Src/main.o
                0x08001144                Error_Handler
 .text.MX_SPI2_Init
                0x08001150       0x7c ./Core/Src/spi.o
                0x08001150                MX_SPI2_Init
 .text.HAL_SPI_MspInit
                0x080011cc       0xc4 ./Core/Src/spi.o
                0x080011cc                HAL_SPI_MspInit
 .text.HAL_MspInit
                0x08001290       0x54 ./Core/Src/stm32g4xx_hal_msp.o
                0x08001290                HAL_MspInit
 .text.HAL_InitTick
                0x080012e4       0xd8 ./Core/Src/stm32g4xx_hal_timebase_tim.o
                0x080012e4                HAL_InitTick
 .text.NMI_Handler
                0x080013bc        0x8 ./Core/Src/stm32g4xx_it.o
                0x080013bc                NMI_Handler
 .text.HardFault_Handler
                0x080013c4        0x8 ./Core/Src/stm32g4xx_it.o
                0x080013c4                HardFault_Handler
 .text.MemManage_Handler
                0x080013cc        0x8 ./Core/Src/stm32g4xx_it.o
                0x080013cc                MemManage_Handler
 .text.BusFault_Handler
                0x080013d4        0x8 ./Core/Src/stm32g4xx_it.o
                0x080013d4                BusFault_Handler
 .text.UsageFault_Handler
                0x080013dc        0x8 ./Core/Src/stm32g4xx_it.o
                0x080013dc                UsageFault_Handler
 .text.DebugMon_Handler
                0x080013e4        0xe ./Core/Src/stm32g4xx_it.o
                0x080013e4                DebugMon_Handler
 *fill*         0x080013f2        0x2 
 .text.TIM6_DAC_IRQHandler
                0x080013f4       0x14 ./Core/Src/stm32g4xx_it.o
                0x080013f4                TIM6_DAC_IRQHandler
 .text.SystemInit
                0x08001408       0x24 ./Core/Src/system_stm32g4xx.o
                0x08001408                SystemInit
 .text.Reset_Handler
                0x0800142c       0x50 ./Core/Startup/startup_stm32g473cetx.o
                0x0800142c                Reset_Handler
 .text.Default_Handler
                0x0800147c        0x2 ./Core/Startup/startup_stm32g473cetx.o
                0x0800147c                RTC_Alarm_IRQHandler
                0x0800147c                EXTI2_IRQHandler
                0x0800147c                TIM8_TRG_COM_IRQHandler
                0x0800147c                TIM8_CC_IRQHandler
                0x0800147c                SPI4_IRQHandler
                0x0800147c                FDCAN3_IT0_IRQHandler
                0x0800147c                TIM1_CC_IRQHandler
                0x0800147c                USB_HP_IRQHandler
                0x0800147c                CORDIC_IRQHandler
                0x0800147c                DMA2_Channel8_IRQHandler
                0x0800147c                EXTI3_IRQHandler
                0x0800147c                I2C3_ER_IRQHandler
                0x0800147c                EXTI0_IRQHandler
                0x0800147c                I2C2_EV_IRQHandler
                0x0800147c                FPU_IRQHandler
                0x0800147c                FDCAN1_IT1_IRQHandler
                0x0800147c                TIM1_UP_TIM16_IRQHandler
                0x0800147c                ADC1_2_IRQHandler
                0x0800147c                SPI1_IRQHandler
                0x0800147c                TIM8_UP_IRQHandler
                0x0800147c                DMA2_Channel2_IRQHandler
                0x0800147c                DMA1_Channel4_IRQHandler
                0x0800147c                TIM20_TRG_COM_IRQHandler
                0x0800147c                USART3_IRQHandler
                0x0800147c                DMA1_Channel7_IRQHandler
                0x0800147c                UART5_IRQHandler
                0x0800147c                ADC3_IRQHandler
                0x0800147c                TIM4_IRQHandler
                0x0800147c                DMA2_Channel1_IRQHandler
                0x0800147c                QUADSPI_IRQHandler
                0x0800147c                I2C1_EV_IRQHandler
                0x0800147c                DMA1_Channel6_IRQHandler
                0x0800147c                UART4_IRQHandler
                0x0800147c                DMA2_Channel4_IRQHandler
                0x0800147c                TIM3_IRQHandler
                0x0800147c                RCC_IRQHandler
                0x0800147c                TIM20_UP_IRQHandler
                0x0800147c                DMA1_Channel1_IRQHandler
                0x0800147c                Default_Handler
                0x0800147c                DMA2_Channel7_IRQHandler
                0x0800147c                RTC_TAMP_LSECSS_IRQHandler
                0x0800147c                FMAC_IRQHandler
                0x0800147c                EXTI15_10_IRQHandler
                0x0800147c                DMA1_Channel8_IRQHandler
                0x0800147c                TIM7_DAC_IRQHandler
                0x0800147c                FDCAN3_IT1_IRQHandler
                0x0800147c                TIM5_IRQHandler
                0x0800147c                UCPD1_IRQHandler
                0x0800147c                I2C3_EV_IRQHandler
                0x0800147c                EXTI9_5_IRQHandler
                0x0800147c                RTC_WKUP_IRQHandler
                0x0800147c                PVD_PVM_IRQHandler
                0x0800147c                SPI2_IRQHandler
                0x0800147c                ADC5_IRQHandler
                0x0800147c                DMA2_Channel5_IRQHandler
                0x0800147c                CRS_IRQHandler
                0x0800147c                DMA1_Channel5_IRQHandler
                0x0800147c                USB_LP_IRQHandler
                0x0800147c                EXTI4_IRQHandler
                0x0800147c                RNG_IRQHandler
                0x0800147c                TIM1_TRG_COM_TIM17_IRQHandler
                0x0800147c                FDCAN2_IT1_IRQHandler
                0x0800147c                DMA1_Channel3_IRQHandler
                0x0800147c                ADC4_IRQHandler
                0x0800147c                WWDG_IRQHandler
                0x0800147c                I2C4_EV_IRQHandler
                0x0800147c                FDCAN2_IT0_IRQHandler
                0x0800147c                LPUART1_IRQHandler
                0x0800147c                DMA2_Channel6_IRQHandler
                0x0800147c                FDCAN1_IT0_IRQHandler
                0x0800147c                TIM2_IRQHandler
                0x0800147c                COMP7_IRQHandler
                0x0800147c                COMP1_2_3_IRQHandler
                0x0800147c                EXTI1_IRQHandler
                0x0800147c                USART2_IRQHandler
                0x0800147c                COMP4_5_6_IRQHandler
                0x0800147c                TIM20_BRK_IRQHandler
                0x0800147c                I2C2_ER_IRQHandler
                0x0800147c                DMA1_Channel2_IRQHandler
                0x0800147c                TIM8_BRK_IRQHandler
                0x0800147c                FLASH_IRQHandler
                0x0800147c                TIM20_CC_IRQHandler
                0x0800147c                USART1_IRQHandler
                0x0800147c                SPI3_IRQHandler
                0x0800147c                I2C1_ER_IRQHandler
                0x0800147c                FMC_IRQHandler
                0x0800147c                LPTIM1_IRQHandler
                0x0800147c                DMAMUX_OVR_IRQHandler
                0x0800147c                I2C4_ER_IRQHandler
                0x0800147c                USBWakeUp_IRQHandler
                0x0800147c                SAI1_IRQHandler
                0x0800147c                DMA2_Channel3_IRQHandler
                0x0800147c                TIM1_BRK_TIM15_IRQHandler
 .text.HAL_Init
                0x0800147e       0x30 ./Drivers/STM32G4xx_HAL_Driver/Src/stm32g4xx_hal.o
                0x0800147e                HAL_Init
 *fill*         0x080014ae        0x2 
 .text.HAL_IncTick
                0x080014b0       0x24 ./Drivers/STM32G4xx_HAL_Driver/Src/stm32g4xx_hal.o
                0x080014b0                HAL_IncTick
 .text.HAL_GetTick
                0x080014d4       0x18 ./Drivers/STM32G4xx_HAL_Driver/Src/stm32g4xx_hal.o
                0x080014d4                HAL_GetTick
 .text.__NVIC_SetPriorityGrouping
                0x080014ec       0x48 ./Drivers/STM32G4xx_HAL_Driver/Src/stm32g4xx_hal_cortex.o
 .text.__NVIC_GetPriorityGrouping
                0x08001534       0x1c ./Drivers/STM32G4xx_HAL_Driver/Src/stm32g4xx_hal_cortex.o
 .text.__NVIC_EnableIRQ
                0x08001550       0x3c ./Drivers/STM32G4xx_HAL_Driver/Src/stm32g4xx_hal_cortex.o
 .text.__NVIC_SetPriority
                0x0800158c       0x54 ./Drivers/STM32G4xx_HAL_Driver/Src/stm32g4xx_hal_cortex.o
 .text.NVIC_EncodePriority
                0x080015e0       0x66 ./Drivers/STM32G4xx_HAL_Driver/Src/stm32g4xx_hal_cortex.o
 .text.HAL_NVIC_SetPriorityGrouping
                0x08001646       0x16 ./Drivers/STM32G4xx_HAL_Driver/Src/stm32g4xx_hal_cortex.o
                0x08001646                HAL_NVIC_SetPriorityGrouping
 .text.HAL_NVIC_SetPriority
                0x0800165c       0x34 ./Drivers/STM32G4xx_HAL_Driver/Src/stm32g4xx_hal_cortex.o
                0x0800165c                HAL_NVIC_SetPriority
 .text.HAL_NVIC_EnableIRQ
                0x08001690       0x1c ./Drivers/STM32G4xx_HAL_Driver/Src/stm32g4xx_hal_cortex.o
                0x08001690                HAL_NVIC_EnableIRQ
 .text.HAL_GPIO_Init
                0x080016ac      0x318 ./Drivers/STM32G4xx_HAL_Driver/Src/stm32g4xx_hal_gpio.o
                0x080016ac                HAL_GPIO_Init
 .text.HAL_GPIO_DeInit
                0x080019c4      0x1c4 ./Drivers/STM32G4xx_HAL_Driver/Src/stm32g4xx_hal_gpio.o
                0x080019c4                HAL_GPIO_DeInit
 .text.HAL_GPIO_WritePin
                0x08001b88       0x30 ./Drivers/STM32G4xx_HAL_Driver/Src/stm32g4xx_hal_gpio.o
                0x08001b88                HAL_GPIO_WritePin
 .text.HAL_I2C_Init
                0x08001bb8      0x136 ./Drivers/STM32G4xx_HAL_Driver/Src/stm32g4xx_hal_i2c.o
                0x08001bb8                HAL_I2C_Init
 .text.HAL_I2C_DeInit
                0x08001cee       0x5e ./Drivers/STM32G4xx_HAL_Driver/Src/stm32g4xx_hal_i2c.o
                0x08001cee                HAL_I2C_DeInit
 .text.HAL_I2C_Master_Transmit
                0x08001d4c      0x230 ./Drivers/STM32G4xx_HAL_Driver/Src/stm32g4xx_hal_i2c.o
                0x08001d4c                HAL_I2C_Master_Transmit
 .text.HAL_I2C_Master_Receive
                0x08001f7c      0x1ec ./Drivers/STM32G4xx_HAL_Driver/Src/stm32g4xx_hal_i2c.o
                0x08001f7c                HAL_I2C_Master_Receive
 .text.HAL_I2C_Mem_Read
                0x08002168      0x234 ./Drivers/STM32G4xx_HAL_Driver/Src/stm32g4xx_hal_i2c.o
                0x08002168                HAL_I2C_Mem_Read
 .text.HAL_I2C_IsDeviceReady
                0x0800239c      0x1e8 ./Drivers/STM32G4xx_HAL_Driver/Src/stm32g4xx_hal_i2c.o
                0x0800239c                HAL_I2C_IsDeviceReady
 .text.I2C_RequestMemoryRead
                0x08002584       0xa8 ./Drivers/STM32G4xx_HAL_Driver/Src/stm32g4xx_hal_i2c.o
 .text.I2C_Flush_TXDR
                0x0800262c       0x48 ./Drivers/STM32G4xx_HAL_Driver/Src/stm32g4xx_hal_i2c.o
 .text.I2C_WaitOnFlagUntilTimeout
                0x08002674       0xb2 ./Drivers/STM32G4xx_HAL_Driver/Src/stm32g4xx_hal_i2c.o
 .text.I2C_WaitOnTXISFlagUntilTimeout
                0x08002726       0x8e ./Drivers/STM32G4xx_HAL_Driver/Src/stm32g4xx_hal_i2c.o
 .text.I2C_WaitOnSTOPFlagUntilTimeout
                0x080027b4       0x86 ./Drivers/STM32G4xx_HAL_Driver/Src/stm32g4xx_hal_i2c.o
 *fill*         0x0800283a        0x2 
 .text.I2C_WaitOnRXNEFlagUntilTimeout
                0x0800283c      0x118 ./Drivers/STM32G4xx_HAL_Driver/Src/stm32g4xx_hal_i2c.o
 .text.I2C_IsErrorOccurred
                0x08002954      0x1c0 ./Drivers/STM32G4xx_HAL_Driver/Src/stm32g4xx_hal_i2c.o
 .text.I2C_TransferConfig
                0x08002b14       0x64 ./Drivers/STM32G4xx_HAL_Driver/Src/stm32g4xx_hal_i2c.o
 .text.HAL_I2CEx_ConfigAnalogFilter
                0x08002b78       0x96 ./Drivers/STM32G4xx_HAL_Driver/Src/stm32g4xx_hal_i2c_ex.o
                0x08002b78                HAL_I2CEx_ConfigAnalogFilter
 .text.HAL_I2CEx_ConfigDigitalFilter
                0x08002c0e       0x98 ./Drivers/STM32G4xx_HAL_Driver/Src/stm32g4xx_hal_i2c_ex.o
                0x08002c0e                HAL_I2CEx_ConfigDigitalFilter
 *fill*         0x08002ca6        0x2 
 .text.HAL_PWREx_ControlVoltageScaling
                0x08002ca8      0x148 ./Drivers/STM32G4xx_HAL_Driver/Src/stm32g4xx_hal_pwr_ex.o
                0x08002ca8                HAL_PWREx_ControlVoltageScaling
 .text.HAL_PWREx_DisableUCPDDeadBattery
                0x08002df0       0x20 ./Drivers/STM32G4xx_HAL_Driver/Src/stm32g4xx_hal_pwr_ex.o
                0x08002df0                HAL_PWREx_DisableUCPDDeadBattery
 .text.HAL_RCC_OscConfig
                0x08002e10      0x624 ./Drivers/STM32G4xx_HAL_Driver/Src/stm32g4xx_hal_rcc.o
                0x08002e10                HAL_RCC_OscConfig
 .text.HAL_RCC_ClockConfig
                0x08003434      0x278 ./Drivers/STM32G4xx_HAL_Driver/Src/stm32g4xx_hal_rcc.o
                0x08003434                HAL_RCC_ClockConfig
 .text.HAL_RCC_GetSysClockFreq
                0x080036ac       0xc4 ./Drivers/STM32G4xx_HAL_Driver/Src/stm32g4xx_hal_rcc.o
                0x080036ac                HAL_RCC_GetSysClockFreq
 .text.HAL_RCC_GetHCLKFreq
                0x08003770       0x18 ./Drivers/STM32G4xx_HAL_Driver/Src/stm32g4xx_hal_rcc.o
                0x08003770                HAL_RCC_GetHCLKFreq
 .text.HAL_RCC_GetPCLK1Freq
                0x08003788       0x2c ./Drivers/STM32G4xx_HAL_Driver/Src/stm32g4xx_hal_rcc.o
                0x08003788                HAL_RCC_GetPCLK1Freq
 .text.HAL_RCC_GetClockConfig
                0x080037b4       0x64 ./Drivers/STM32G4xx_HAL_Driver/Src/stm32g4xx_hal_rcc.o
                0x080037b4                HAL_RCC_GetClockConfig
 .text.RCC_GetSysClockFreqFromPLLSource
                0x08003818       0x8c ./Drivers/STM32G4xx_HAL_Driver/Src/stm32g4xx_hal_rcc.o
 .text.HAL_RCCEx_PeriphCLKConfig
                0x080038a4      0x49c ./Drivers/STM32G4xx_HAL_Driver/Src/stm32g4xx_hal_rcc_ex.o
                0x080038a4                HAL_RCCEx_PeriphCLKConfig
 .text.HAL_SPI_Init
                0x08003d40      0x156 ./Drivers/STM32G4xx_HAL_Driver/Src/stm32g4xx_hal_spi.o
                0x08003d40                HAL_SPI_Init
 .text.HAL_SPI_Transmit
                0x08003e96      0x2ec ./Drivers/STM32G4xx_HAL_Driver/Src/stm32g4xx_hal_spi.o
                0x08003e96                HAL_SPI_Transmit
 *fill*         0x08004182        0x2 
 .text.SPI_WaitFlagStateUntilTimeout
                0x08004184      0x110 ./Drivers/STM32G4xx_HAL_Driver/Src/stm32g4xx_hal_spi.o
 .text.SPI_WaitFifoStateUntilTimeout
                0x08004294      0x12c ./Drivers/STM32G4xx_HAL_Driver/Src/stm32g4xx_hal_spi.o
 .text.SPI_EndRxTxTransaction
                0x080043c0       0x8c ./Drivers/STM32G4xx_HAL_Driver/Src/stm32g4xx_hal_spi.o
 .text.HAL_TIM_Base_Init
                0x0800444c       0xae ./Drivers/STM32G4xx_HAL_Driver/Src/stm32g4xx_hal_tim.o
                0x0800444c                HAL_TIM_Base_Init
 .text.HAL_TIM_Base_MspInit
                0x080044fa       0x14 ./Drivers/STM32G4xx_HAL_Driver/Src/stm32g4xx_hal_tim.o
                0x080044fa                HAL_TIM_Base_MspInit
 *fill*         0x0800450e        0x2 
 .text.HAL_TIM_Base_Start_IT
                0x08004510       0xf0 ./Drivers/STM32G4xx_HAL_Driver/Src/stm32g4xx_hal_tim.o
                0x08004510                HAL_TIM_Base_Start_IT
 .text.HAL_TIM_IRQHandler
                0x08004600      0x29e ./Drivers/STM32G4xx_HAL_Driver/Src/stm32g4xx_hal_tim.o
                0x08004600                HAL_TIM_IRQHandler
 .text.HAL_TIM_OC_DelayElapsedCallback
                0x0800489e       0x14 ./Drivers/STM32G4xx_HAL_Driver/Src/stm32g4xx_hal_tim.o
                0x0800489e                HAL_TIM_OC_DelayElapsedCallback
 .text.HAL_TIM_IC_CaptureCallback
                0x080048b2       0x14 ./Drivers/STM32G4xx_HAL_Driver/Src/stm32g4xx_hal_tim.o
                0x080048b2                HAL_TIM_IC_CaptureCallback
 .text.HAL_TIM_PWM_PulseFinishedCallback
                0x080048c6       0x14 ./Drivers/STM32G4xx_HAL_Driver/Src/stm32g4xx_hal_tim.o
                0x080048c6                HAL_TIM_PWM_PulseFinishedCallback
 .text.HAL_TIM_TriggerCallback
                0x080048da       0x14 ./Drivers/STM32G4xx_HAL_Driver/Src/stm32g4xx_hal_tim.o
                0x080048da                HAL_TIM_TriggerCallback
 *fill*         0x080048ee        0x2 
 .text.TIM_Base_SetConfig
                0x080048f0      0x15c ./Drivers/STM32G4xx_HAL_Driver/Src/stm32g4xx_hal_tim.o
                0x080048f0                TIM_Base_SetConfig
 .text.HAL_TIMEx_CommutCallback
                0x08004a4c       0x14 ./Drivers/STM32G4xx_HAL_Driver/Src/stm32g4xx_hal_tim_ex.o
                0x08004a4c                HAL_TIMEx_CommutCallback
 .text.HAL_TIMEx_BreakCallback
                0x08004a60       0x14 ./Drivers/STM32G4xx_HAL_Driver/Src/stm32g4xx_hal_tim_ex.o
                0x08004a60                HAL_TIMEx_BreakCallback
 .text.HAL_TIMEx_Break2Callback
                0x08004a74       0x14 ./Drivers/STM32G4xx_HAL_Driver/Src/stm32g4xx_hal_tim_ex.o
                0x08004a74                HAL_TIMEx_Break2Callback
 .text.HAL_TIMEx_EncoderIndexCallback
                0x08004a88       0x14 ./Drivers/STM32G4xx_HAL_Driver/Src/stm32g4xx_hal_tim_ex.o
                0x08004a88                HAL_TIMEx_EncoderIndexCallback
 .text.HAL_TIMEx_DirectionChangeCallback
                0x08004a9c       0x14 ./Drivers/STM32G4xx_HAL_Driver/Src/stm32g4xx_hal_tim_ex.o
                0x08004a9c                HAL_TIMEx_DirectionChangeCallback
 .text.HAL_TIMEx_IndexErrorCallback
                0x08004ab0       0x14 ./Drivers/STM32G4xx_HAL_Driver/Src/stm32g4xx_hal_tim_ex.o
                0x08004ab0                HAL_TIMEx_IndexErrorCallback
 .text.HAL_TIMEx_TransitionErrorCallback
                0x08004ac4       0x14 ./Drivers/STM32G4xx_HAL_Driver/Src/stm32g4xx_hal_tim_ex.o
                0x08004ac4                HAL_TIMEx_TransitionErrorCallback
 .text.__NVIC_SetPriority
                0x08004ad8       0x54 ./Middlewares/Third_Party/FreeRTOS/Source/CMSIS_RTOS_V2/cmsis_os2.o
 .text.SysTick_Handler
                0x08004b2c       0x20 ./Middlewares/Third_Party/FreeRTOS/Source/CMSIS_RTOS_V2/cmsis_os2.o
                0x08004b2c                SysTick_Handler
 .text.SVC_Setup
                0x08004b4c       0x12 ./Middlewares/Third_Party/FreeRTOS/Source/CMSIS_RTOS_V2/cmsis_os2.o
 *fill*         0x08004b5e        0x2 
 .text.osKernelInitialize
                0x08004b60       0x48 ./Middlewares/Third_Party/FreeRTOS/Source/CMSIS_RTOS_V2/cmsis_os2.o
                0x08004b60                osKernelInitialize
 .text.osKernelStart
                0x08004ba8       0x4c ./Middlewares/Third_Party/FreeRTOS/Source/CMSIS_RTOS_V2/cmsis_os2.o
                0x08004ba8                osKernelStart
 .text.osThreadNew
                0x08004bf4      0x124 ./Middlewares/Third_Party/FreeRTOS/Source/CMSIS_RTOS_V2/cmsis_os2.o
                0x08004bf4                osThreadNew
 .text.osDelay  0x08004d18       0x36 ./Middlewares/Third_Party/FreeRTOS/Source/CMSIS_RTOS_V2/cmsis_os2.o
                0x08004d18                osDelay
 .text.osEventFlagsNew
                0x08004d4e       0x7e ./Middlewares/Third_Party/FreeRTOS/Source/CMSIS_RTOS_V2/cmsis_os2.o
                0x08004d4e                osEventFlagsNew
 .text.osEventFlagsSet
                0x08004dcc       0x84 ./Middlewares/Third_Party/FreeRTOS/Source/CMSIS_RTOS_V2/cmsis_os2.o
                0x08004dcc                osEventFlagsSet
 .text.osEventFlagsClear
                0x08004e50       0x62 ./Middlewares/Third_Party/FreeRTOS/Source/CMSIS_RTOS_V2/cmsis_os2.o
                0x08004e50                osEventFlagsClear
 .text.osEventFlagsGet
                0x08004eb2       0x42 ./Middlewares/Third_Party/FreeRTOS/Source/CMSIS_RTOS_V2/cmsis_os2.o
                0x08004eb2                osEventFlagsGet
 .text.osMutexNew
                0x08004ef4      0x10c ./Middlewares/Third_Party/FreeRTOS/Source/CMSIS_RTOS_V2/cmsis_os2.o
                0x08004ef4                osMutexNew
 .text.osMutexAcquire
                0x08005000       0x96 ./Middlewares/Third_Party/FreeRTOS/Source/CMSIS_RTOS_V2/cmsis_os2.o
                0x08005000                osMutexAcquire
 .text.osMutexRelease
                0x08005096       0x7a ./Middlewares/Third_Party/FreeRTOS/Source/CMSIS_RTOS_V2/cmsis_os2.o
                0x08005096                osMutexRelease
 .text.vApplicationGetIdleTaskMemory
                0x08005110       0x34 ./Middlewares/Third_Party/FreeRTOS/Source/CMSIS_RTOS_V2/cmsis_os2.o
                0x08005110                vApplicationGetIdleTaskMemory
 .text.vApplicationGetTimerTaskMemory
                0x08005144       0x34 ./Middlewares/Third_Party/FreeRTOS/Source/CMSIS_RTOS_V2/cmsis_os2.o
                0x08005144                vApplicationGetTimerTaskMemory
 .text.xEventGroupCreateStatic
                0x08005178       0x72 ./Middlewares/Third_Party/FreeRTOS/Source/event_groups.o
                0x08005178                xEventGroupCreateStatic
 .text.xEventGroupCreate
                0x080051ea       0x34 ./Middlewares/Third_Party/FreeRTOS/Source/event_groups.o
                0x080051ea                xEventGroupCreate
 .text.xEventGroupClearBits
                0x0800521e       0x72 ./Middlewares/Third_Party/FreeRTOS/Source/event_groups.o
                0x0800521e                xEventGroupClearBits
 .text.xEventGroupClearBitsFromISR
                0x08005290       0x28 ./Middlewares/Third_Party/FreeRTOS/Source/event_groups.o
                0x08005290                xEventGroupClearBitsFromISR
 .text.xEventGroupGetBitsFromISR
                0x080052b8       0x48 ./Middlewares/Third_Party/FreeRTOS/Source/event_groups.o
                0x080052b8                xEventGroupGetBitsFromISR
 .text.xEventGroupSetBits
                0x08005300      0x118 ./Middlewares/Third_Party/FreeRTOS/Source/event_groups.o
                0x08005300                xEventGroupSetBits
 .text.vEventGroupSetBitsCallback
                0x08005418       0x1a ./Middlewares/Third_Party/FreeRTOS/Source/event_groups.o
                0x08005418                vEventGroupSetBitsCallback
 .text.vEventGroupClearBitsCallback
                0x08005432       0x1a ./Middlewares/Third_Party/FreeRTOS/Source/event_groups.o
                0x08005432                vEventGroupClearBitsCallback
 .text.xEventGroupSetBitsFromISR
                0x0800544c       0x28 ./Middlewares/Third_Party/FreeRTOS/Source/event_groups.o
                0x0800544c                xEventGroupSetBitsFromISR
 .text.vListInitialise
                0x08005474       0x40 ./Middlewares/Third_Party/FreeRTOS/Source/list.o
                0x08005474                vListInitialise
 .text.vListInitialiseItem
                0x080054b4       0x1a ./Middlewares/Third_Party/FreeRTOS/Source/list.o
                0x080054b4                vListInitialiseItem
 .text.vListInsertEnd
                0x080054ce       0x48 ./Middlewares/Third_Party/FreeRTOS/Source/list.o
                0x080054ce                vListInsertEnd
 .text.vListInsert
                0x08005516       0x72 ./Middlewares/Third_Party/FreeRTOS/Source/list.o
                0x08005516                vListInsert
 .text.uxListRemove
                0x08005588       0x54 ./Middlewares/Third_Party/FreeRTOS/Source/list.o
                0x08005588                uxListRemove
 .text.xQueueGenericReset
                0x080055dc       0xd4 ./Middlewares/Third_Party/FreeRTOS/Source/queue.o
                0x080055dc                xQueueGenericReset
 .text.xQueueGenericCreateStatic
                0x080056b0       0xfa ./Middlewares/Third_Party/FreeRTOS/Source/queue.o
                0x080056b0                xQueueGenericCreateStatic
 .text.xQueueGenericCreate
                0x080057aa       0x76 ./Middlewares/Third_Party/FreeRTOS/Source/queue.o
                0x080057aa                xQueueGenericCreate
 .text.prvInitialiseNewQueue
                0x08005820       0x46 ./Middlewares/Third_Party/FreeRTOS/Source/queue.o
 .text.prvInitialiseMutex
                0x08005866       0x34 ./Middlewares/Third_Party/FreeRTOS/Source/queue.o
 .text.xQueueCreateMutex
                0x0800589a       0x30 ./Middlewares/Third_Party/FreeRTOS/Source/queue.o
                0x0800589a                xQueueCreateMutex
 .text.xQueueCreateMutexStatic
                0x080058ca       0x36 ./Middlewares/Third_Party/FreeRTOS/Source/queue.o
                0x080058ca                xQueueCreateMutexStatic
 .text.xQueueGiveMutexRecursive
                0x08005900       0x6a ./Middlewares/Third_Party/FreeRTOS/Source/queue.o
                0x08005900                xQueueGiveMutexRecursive
 .text.xQueueTakeMutexRecursive
                0x0800596a       0x6e ./Middlewares/Third_Party/FreeRTOS/Source/queue.o
                0x0800596a                xQueueTakeMutexRecursive
 .text.xQueueGenericSend
                0x080059d8      0x204 ./Middlewares/Third_Party/FreeRTOS/Source/queue.o
                0x080059d8                xQueueGenericSend
 .text.xQueueGenericSendFromISR
                0x08005bdc      0x13c ./Middlewares/Third_Party/FreeRTOS/Source/queue.o
                0x08005bdc                xQueueGenericSendFromISR
 .text.xQueueReceive
                0x08005d18      0x1c4 ./Middlewares/Third_Party/FreeRTOS/Source/queue.o
                0x08005d18                xQueueReceive
 .text.xQueueSemaphoreTake
                0x08005edc      0x220 ./Middlewares/Third_Party/FreeRTOS/Source/queue.o
                0x08005edc                xQueueSemaphoreTake
 .text.prvGetDisinheritPriorityAfterTimeout
                0x080060fc       0x30 ./Middlewares/Third_Party/FreeRTOS/Source/queue.o
 .text.prvCopyDataToQueue
                0x0800612c       0xd4 ./Middlewares/Third_Party/FreeRTOS/Source/queue.o
 .text.prvCopyDataFromQueue
                0x08006200       0x4c ./Middlewares/Third_Party/FreeRTOS/Source/queue.o
 .text.prvUnlockQueue
                0x0800624c       0xa4 ./Middlewares/Third_Party/FreeRTOS/Source/queue.o
 .text.prvIsQueueEmpty
                0x080062f0       0x2c ./Middlewares/Third_Party/FreeRTOS/Source/queue.o
 .text.prvIsQueueFull
                0x0800631c       0x30 ./Middlewares/Third_Party/FreeRTOS/Source/queue.o
 .text.vQueueAddToRegistry
                0x0800634c       0x54 ./Middlewares/Third_Party/FreeRTOS/Source/queue.o
                0x0800634c                vQueueAddToRegistry
 .text.vQueueWaitForMessageRestricted
                0x080063a0       0x68 ./Middlewares/Third_Party/FreeRTOS/Source/queue.o
                0x080063a0                vQueueWaitForMessageRestricted
 .text.xTaskCreateStatic
                0x08006408       0xc0 ./Middlewares/Third_Party/FreeRTOS/Source/tasks.o
                0x08006408                xTaskCreateStatic
 .text.xTaskCreate
                0x080064c8       0x8a ./Middlewares/Third_Party/FreeRTOS/Source/tasks.o
                0x080064c8                xTaskCreate
 *fill*         0x08006552        0x2 
 .text.prvInitialiseNewTask
                0x08006554      0x150 ./Middlewares/Third_Party/FreeRTOS/Source/tasks.o
 .text.prvAddNewTaskToReadyList
                0x080066a4       0xe0 ./Middlewares/Third_Party/FreeRTOS/Source/tasks.o
 .text.vTaskDelay
                0x08006784       0x6c ./Middlewares/Third_Party/FreeRTOS/Source/tasks.o
                0x08006784                vTaskDelay
 .text.vTaskStartScheduler
                0x080067f0       0xe0 ./Middlewares/Third_Party/FreeRTOS/Source/tasks.o
                0x080067f0                vTaskStartScheduler
 .text.vTaskSuspendAll
                0x080068d0       0x1c ./Middlewares/Third_Party/FreeRTOS/Source/tasks.o
                0x080068d0                vTaskSuspendAll
 .text.xTaskResumeAll
                0x080068ec      0x13c ./Middlewares/Third_Party/FreeRTOS/Source/tasks.o
                0x080068ec                xTaskResumeAll
 .text.xTaskGetTickCount
                0x08006a28       0x20 ./Middlewares/Third_Party/FreeRTOS/Source/tasks.o
                0x08006a28                xTaskGetTickCount
 .text.xTaskIncrementTick
                0x08006a48      0x174 ./Middlewares/Third_Party/FreeRTOS/Source/tasks.o
                0x08006a48                xTaskIncrementTick
 .text.vTaskSwitchContext
                0x08006bbc       0xcc ./Middlewares/Third_Party/FreeRTOS/Source/tasks.o
                0x08006bbc                vTaskSwitchContext
 .text.vTaskPlaceOnEventList
                0x08006c88       0x4c ./Middlewares/Third_Party/FreeRTOS/Source/tasks.o
                0x08006c88                vTaskPlaceOnEventList
 .text.vTaskPlaceOnEventListRestricted
                0x08006cd4       0x58 ./Middlewares/Third_Party/FreeRTOS/Source/tasks.o
                0x08006cd4                vTaskPlaceOnEventListRestricted
 .text.xTaskRemoveFromEventList
                0x08006d2c       0xc8 ./Middlewares/Third_Party/FreeRTOS/Source/tasks.o
                0x08006d2c                xTaskRemoveFromEventList
 .text.vTaskRemoveFromUnorderedEventList
                0x08006df4       0xc8 ./Middlewares/Third_Party/FreeRTOS/Source/tasks.o
                0x08006df4                vTaskRemoveFromUnorderedEventList
 .text.vTaskInternalSetTimeOutState
                0x08006ebc       0x2c ./Middlewares/Third_Party/FreeRTOS/Source/tasks.o
                0x08006ebc                vTaskInternalSetTimeOutState
 .text.xTaskCheckForTimeOut
                0x08006ee8       0xc8 ./Middlewares/Third_Party/FreeRTOS/Source/tasks.o
                0x08006ee8                xTaskCheckForTimeOut
 .text.vTaskMissedYield
                0x08006fb0       0x18 ./Middlewares/Third_Party/FreeRTOS/Source/tasks.o
                0x08006fb0                vTaskMissedYield
 .text.prvIdleTask
                0x08006fc8       0x30 ./Middlewares/Third_Party/FreeRTOS/Source/tasks.o
 .text.prvInitialiseTaskLists
                0x08006ff8       0x80 ./Middlewares/Third_Party/FreeRTOS/Source/tasks.o
 .text.prvCheckTasksWaitingTermination
                0x08007078       0x5c ./Middlewares/Third_Party/FreeRTOS/Source/tasks.o
 .text.prvDeleteTCB
                0x080070d4       0x6a ./Middlewares/Third_Party/FreeRTOS/Source/tasks.o
 *fill*         0x0800713e        0x2 
 .text.prvResetNextTaskUnblockTime
                0x08007140       0x40 ./Middlewares/Third_Party/FreeRTOS/Source/tasks.o
 .text.xTaskGetCurrentTaskHandle
                0x08007180       0x20 ./Middlewares/Third_Party/FreeRTOS/Source/tasks.o
                0x08007180                xTaskGetCurrentTaskHandle
 .text.xTaskGetSchedulerState
                0x080071a0       0x3c ./Middlewares/Third_Party/FreeRTOS/Source/tasks.o
                0x080071a0                xTaskGetSchedulerState
 .text.xTaskPriorityInherit
                0x080071dc       0xd0 ./Middlewares/Third_Party/FreeRTOS/Source/tasks.o
                0x080071dc                xTaskPriorityInherit
 .text.xTaskPriorityDisinherit
                0x080072ac       0xe0 ./Middlewares/Third_Party/FreeRTOS/Source/tasks.o
                0x080072ac                xTaskPriorityDisinherit
 .text.vTaskPriorityDisinheritAfterTimeout
                0x0800738c      0x108 ./Middlewares/Third_Party/FreeRTOS/Source/tasks.o
                0x0800738c                vTaskPriorityDisinheritAfterTimeout
 .text.pvTaskIncrementMutexHeldCount
                0x08007494       0x28 ./Middlewares/Third_Party/FreeRTOS/Source/tasks.o
                0x08007494                pvTaskIncrementMutexHeldCount
 .text.prvAddCurrentTaskToDelayedList
                0x080074bc       0xa8 ./Middlewares/Third_Party/FreeRTOS/Source/tasks.o
 .text.xTimerCreateTimerTask
                0x08007564       0x94 ./Middlewares/Third_Party/FreeRTOS/Source/timers.o
                0x08007564                xTimerCreateTimerTask
 .text.xTimerGenericCommand
                0x080075f8       0x9c ./Middlewares/Third_Party/FreeRTOS/Source/timers.o
                0x080075f8                xTimerGenericCommand
 .text.prvProcessExpiredTimer
                0x08007694       0x9c ./Middlewares/Third_Party/FreeRTOS/Source/timers.o
 .text.prvTimerTask
                0x08007730       0x26 ./Middlewares/Third_Party/FreeRTOS/Source/timers.o
 *fill*         0x08007756        0x2 
 .text.prvProcessTimerOrBlockTask
                0x08007758       0x9c ./Middlewares/Third_Party/FreeRTOS/Source/timers.o
 .text.prvGetNextExpireTime
                0x080077f4       0x48 ./Middlewares/Third_Party/FreeRTOS/Source/timers.o
 .text.prvSampleTimeNow
                0x0800783c       0x40 ./Middlewares/Third_Party/FreeRTOS/Source/timers.o
 .text.prvInsertTimerInActiveList
                0x0800787c       0x84 ./Middlewares/Third_Party/FreeRTOS/Source/timers.o
 .text.prvProcessReceivedCommands
                0x08007900      0x1cc ./Middlewares/Third_Party/FreeRTOS/Source/timers.o
 .text.prvSwitchTimerLists
                0x08007acc       0xcc ./Middlewares/Third_Party/FreeRTOS/Source/timers.o
 .text.prvCheckForValidListAndQueue
                0x08007b98       0x80 ./Middlewares/Third_Party/FreeRTOS/Source/timers.o
 .text.xTimerPendFunctionCallFromISR
                0x08007c18       0x40 ./Middlewares/Third_Party/FreeRTOS/Source/timers.o
                0x08007c18                xTimerPendFunctionCallFromISR
 .text.pxPortInitialiseStack
                0x08007c58       0x68 ./Middlewares/Third_Party/FreeRTOS/Source/portable/GCC/ARM_CM4F/port.o
                0x08007c58                pxPortInitialiseStack
 .text.prvTaskExitError
                0x08007cc0       0x5c ./Middlewares/Third_Party/FreeRTOS/Source/portable/GCC/ARM_CM4F/port.o
 *fill*         0x08007d1c        0x4 
 .text.SVC_Handler
                0x08007d20       0x28 ./Middlewares/Third_Party/FreeRTOS/Source/portable/GCC/ARM_CM4F/port.o
                0x08007d20                SVC_Handler
 .text.prvPortStartFirstTask
                0x08007d48       0x28 ./Middlewares/Third_Party/FreeRTOS/Source/portable/GCC/ARM_CM4F/port.o
 .text.xPortStartScheduler
                0x08007d70      0x148 ./Middlewares/Third_Party/FreeRTOS/Source/portable/GCC/ARM_CM4F/port.o
                0x08007d70                xPortStartScheduler
 .text.vPortEnterCritical
                0x08007eb8       0x64 ./Middlewares/Third_Party/FreeRTOS/Source/portable/GCC/ARM_CM4F/port.o
                0x08007eb8                vPortEnterCritical
 .text.vPortExitCritical
                0x08007f1c       0x54 ./Middlewares/Third_Party/FreeRTOS/Source/portable/GCC/ARM_CM4F/port.o
                0x08007f1c                vPortExitCritical
 .text.PendSV_Handler
                0x08007f70       0x68 ./Middlewares/Third_Party/FreeRTOS/Source/portable/GCC/ARM_CM4F/port.o
                0x08007f70                PendSV_Handler
 .text.xPortSysTickHandler
                0x08007fd8       0x44 ./Middlewares/Third_Party/FreeRTOS/Source/portable/GCC/ARM_CM4F/port.o
                0x08007fd8                xPortSysTickHandler
 .text.vPortSetupTimerInterrupt
                0x0800801c       0x48 ./Middlewares/Third_Party/FreeRTOS/Source/portable/GCC/ARM_CM4F/port.o
                0x0800801c                vPortSetupTimerInterrupt
 .text.vPortEnableVFP
                0x08008064       0x14 ./Middlewares/Third_Party/FreeRTOS/Source/portable/GCC/ARM_CM4F/port.o
 .text.vPortValidateInterruptPriority
                0x08008078       0x84 ./Middlewares/Third_Party/FreeRTOS/Source/portable/GCC/ARM_CM4F/port.o
                0x08008078                vPortValidateInterruptPriority
 .text.pvPortMalloc
                0x080080fc      0x19c ./Middlewares/Third_Party/FreeRTOS/Source/portable/MemMang/heap_4.o
                0x080080fc                pvPortMalloc
 .text.vPortFree
                0x08008298       0xc8 ./Middlewares/Third_Party/FreeRTOS/Source/portable/MemMang/heap_4.o
                0x08008298                vPortFree
 .text.prvHeapInit
                0x08008360       0xc4 ./Middlewares/Third_Party/FreeRTOS/Source/portable/MemMang/heap_4.o
 .text.prvInsertBlockIntoFreeList
                0x08008424       0xb4 ./Middlewares/Third_Party/FreeRTOS/Source/portable/MemMang/heap_4.o
 .text.memset   0x080084d8       0x10 C:/ST/STM32CubeIDE_1.19.0/STM32CubeIDE/plugins/com.st.stm32cube.ide.mcu.externaltools.gnu-tools-for-stm32.13.3.rel1.win32_1.0.0.202411081344/tools/bin/../lib/gcc/arm-none-eabi/13.3.1/../../../../arm-none-eabi/lib/thumb/v7e-m+fp/hard\libc_nano.a(libc_a-memset.o)
                0x080084d8                memset
 .text._reclaim_reent
                0x080084e8       0xbc C:/ST/STM32CubeIDE_1.19.0/STM32CubeIDE/plugins/com.st.stm32cube.ide.mcu.externaltools.gnu-tools-for-stm32.13.3.rel1.win32_1.0.0.202411081344/tools/bin/../lib/gcc/arm-none-eabi/13.3.1/../../../../arm-none-eabi/lib/thumb/v7e-m+fp/hard\libc_nano.a(libc_a-reent.o)
                0x080084e8                _reclaim_reent
 .text.__libc_init_array
                0x080085a4       0x48 C:/ST/STM32CubeIDE_1.19.0/STM32CubeIDE/plugins/com.st.stm32cube.ide.mcu.externaltools.gnu-tools-for-stm32.13.3.rel1.win32_1.0.0.202411081344/tools/bin/../lib/gcc/arm-none-eabi/13.3.1/../../../../arm-none-eabi/lib/thumb/v7e-m+fp/hard\libc_nano.a(libc_a-init.o)
                0x080085a4                __libc_init_array
 .text.__retarget_lock_acquire_recursive
                0x080085ec        0x2 C:/ST/STM32CubeIDE_1.19.0/STM32CubeIDE/plugins/com.st.stm32cube.ide.mcu.externaltools.gnu-tools-for-stm32.13.3.rel1.win32_1.0.0.202411081344/tools/bin/../lib/gcc/arm-none-eabi/13.3.1/../../../../arm-none-eabi/lib/thumb/v7e-m+fp/hard\libc_nano.a(libc_a-lock.o)
                0x080085ec                __retarget_lock_acquire_recursive
 .text.__retarget_lock_release_recursive
                0x080085ee        0x2 C:/ST/STM32CubeIDE_1.19.0/STM32CubeIDE/plugins/com.st.stm32cube.ide.mcu.externaltools.gnu-tools-for-stm32.13.3.rel1.win32_1.0.0.202411081344/tools/bin/../lib/gcc/arm-none-eabi/13.3.1/../../../../arm-none-eabi/lib/thumb/v7e-m+fp/hard\libc_nano.a(libc_a-lock.o)
                0x080085ee                __retarget_lock_release_recursive
 .text.memcpy   0x080085f0       0x1c C:/ST/STM32CubeIDE_1.19.0/STM32CubeIDE/plugins/com.st.stm32cube.ide.mcu.externaltools.gnu-tools-for-stm32.13.3.rel1.win32_1.0.0.202411081344/tools/bin/../lib/gcc/arm-none-eabi/13.3.1/../../../../arm-none-eabi/lib/thumb/v7e-m+fp/hard\libc_nano.a(libc_a-memcpy-stub.o)
                0x080085f0                memcpy
 .text._free_r  0x0800860c       0x94 C:/ST/STM32CubeIDE_1.19.0/STM32CubeIDE/plugins/com.st.stm32cube.ide.mcu.externaltools.gnu-tools-for-stm32.13.3.rel1.win32_1.0.0.202411081344/tools/bin/../lib/gcc/arm-none-eabi/13.3.1/../../../../arm-none-eabi/lib/thumb/v7e-m+fp/hard\libc_nano.a(libc_a-freer.o)
                0x0800860c                _free_r
 .text.__malloc_lock
                0x080086a0        0xc C:/ST/STM32CubeIDE_1.19.0/STM32CubeIDE/plugins/com.st.stm32cube.ide.mcu.externaltools.gnu-tools-for-stm32.13.3.rel1.win32_1.0.0.202411081344/tools/bin/../lib/gcc/arm-none-eabi/13.3.1/../../../../arm-none-eabi/lib/thumb/v7e-m+fp/hard\libc_nano.a(libc_a-mlock.o)
                0x080086a0                __malloc_lock
 .text.__malloc_unlock
                0x080086ac        0xc C:/ST/STM32CubeIDE_1.19.0/STM32CubeIDE/plugins/com.st.stm32cube.ide.mcu.externaltools.gnu-tools-for-stm32.13.3.rel1.win32_1.0.0.202411081344/tools/bin/../lib/gcc/arm-none-eabi/13.3.1/../../../../arm-none-eabi/lib/thumb/v7e-m+fp/hard\libc_nano.a(libc_a-mlock.o)
                0x080086ac                __malloc_unlock
 *(.glue_7)
 .glue_7        0x080086b8        0x0 linker stubs
 *(.glue_7t)
 .glue_7t       0x080086b8        0x0 linker stubs
 *(.eh_frame)
 .eh_frame      0x080086b8        0x0 C:/ST/STM32CubeIDE_1.19.0/STM32CubeIDE/plugins/com.st.stm32cube.ide.mcu.externaltools.gnu-tools-for-stm32.13.3.rel1.win32_1.0.0.202411081344/tools/bin/../lib/gcc/arm-none-eabi/13.3.1/thumb/v7e-m+fp/hard/crtbegin.o
 *(.init)
 .init          0x080086b8        0x4 C:/ST/STM32CubeIDE_1.19.0/STM32CubeIDE/plugins/com.st.stm32cube.ide.mcu.externaltools.gnu-tools-for-stm32.13.3.rel1.win32_1.0.0.202411081344/tools/bin/../lib/gcc/arm-none-eabi/13.3.1/thumb/v7e-m+fp/hard/crti.o
                0x080086b8                _init
 .init          0x080086bc        0x8 C:/ST/STM32CubeIDE_1.19.0/STM32CubeIDE/plugins/com.st.stm32cube.ide.mcu.externaltools.gnu-tools-for-stm32.13.3.rel1.win32_1.0.0.202411081344/tools/bin/../lib/gcc/arm-none-eabi/13.3.1/thumb/v7e-m+fp/hard/crtn.o
 *(.fini)
 .fini          0x080086c4        0x4 C:/ST/STM32CubeIDE_1.19.0/STM32CubeIDE/plugins/com.st.stm32cube.ide.mcu.externaltools.gnu-tools-for-stm32.13.3.rel1.win32_1.0.0.202411081344/tools/bin/../lib/gcc/arm-none-eabi/13.3.1/thumb/v7e-m+fp/hard/crti.o
                0x080086c4                _fini
 .fini          0x080086c8        0x8 C:/ST/STM32CubeIDE_1.19.0/STM32CubeIDE/plugins/com.st.stm32cube.ide.mcu.externaltools.gnu-tools-for-stm32.13.3.rel1.win32_1.0.0.202411081344/tools/bin/../lib/gcc/arm-none-eabi/13.3.1/thumb/v7e-m+fp/hard/crtn.o
                0x080086d0                        . = ALIGN (0x4)
                0x080086d0                        _etext = .

.vfp11_veneer   0x080086d0        0x0
 .vfp11_veneer  0x080086d0        0x0 linker stubs

.v4_bx          0x080086d0        0x0
 .v4_bx         0x080086d0        0x0 linker stubs

.iplt           0x080086d0        0x0
 .iplt          0x080086d0        0x0 C:/ST/STM32CubeIDE_1.19.0/STM32CubeIDE/plugins/com.st.stm32cube.ide.mcu.externaltools.gnu-tools-for-stm32.13.3.rel1.win32_1.0.0.202411081344/tools/bin/../lib/gcc/arm-none-eabi/13.3.1/thumb/v7e-m+fp/hard/crtbegin.o

.rodata         0x080086d0      0x100
                0x080086d0                        . = ALIGN (0x4)
 *(.rodata)
 .rodata        0x080086d0       0x15 ./Application/accelerometer_sens.o
 *fill*         0x080086e5        0x3 
 .rodata        0x080086e8        0xf ./Application/display_driver.o
 *fill*         0x080086f7        0x1 
 .rodata        0x080086f8       0x1c ./Application/light_sens.o
 .rodata        0x08008714       0x44 ./Application/sens_detect.o
 .rodata        0x08008758       0x17 ./Application/temp_sens.o
 *fill*         0x0800876f        0x1 
 .rodata        0x08008770        0xc ./Core/Src/app_freertos.o
 .rodata        0x0800877c        0x5 ./Middlewares/Third_Party/FreeRTOS/Source/tasks.o
 *fill*         0x08008781        0x3 
 .rodata        0x08008784        0xd ./Middlewares/Third_Party/FreeRTOS/Source/timers.o
 *(.rodata*)
 *fill*         0x08008791        0x3 
 .rodata.defaultTask_attributes
                0x08008794       0x24 ./Core/Src/app_freertos.o
                0x08008794                defaultTask_attributes
 .rodata.AHBPrescTable
                0x080087b8       0x10 ./Core/Src/system_stm32g4xx.o
                0x080087b8                AHBPrescTable
 .rodata.APBPrescTable
                0x080087c8        0x8 ./Core/Src/system_stm32g4xx.o
                0x080087c8                APBPrescTable
                0x080087d0                        . = ALIGN (0x4)

.ARM.extab      0x080087d0        0x0
                0x080087d0                        . = ALIGN (0x4)
 *(.ARM.extab* .gnu.linkonce.armextab.*)
                0x080087d0                        . = ALIGN (0x4)

.ARM            0x080087d0        0x0
                0x080087d0                        . = ALIGN (0x4)
                0x080087d0                        __exidx_start = .
 *(.ARM.exidx*)
                0x080087d0                        __exidx_end = .
                0x080087d0                        . = ALIGN (0x4)

.preinit_array  0x080087d0        0x0
                0x080087d0                        . = ALIGN (0x4)
                0x080087d0                        PROVIDE (__preinit_array_start = .)
 *(.preinit_array*)
                0x080087d0                        PROVIDE (__preinit_array_end = .)
                0x080087d0                        . = ALIGN (0x4)

.init_array     0x080087d0        0x4
                0x080087d0                        . = ALIGN (0x4)
                0x080087d0                        PROVIDE (__init_array_start = .)
 *(SORT_BY_NAME(.init_array.*))
 *(.init_array*)
 .init_array    0x080087d0        0x4 C:/ST/STM32CubeIDE_1.19.0/STM32CubeIDE/plugins/com.st.stm32cube.ide.mcu.externaltools.gnu-tools-for-stm32.13.3.rel1.win32_1.0.0.202411081344/tools/bin/../lib/gcc/arm-none-eabi/13.3.1/thumb/v7e-m+fp/hard/crtbegin.o
                0x080087d4                        PROVIDE (__init_array_end = .)
                0x080087d4                        . = ALIGN (0x4)

.fini_array     0x080087d4        0x4
                0x080087d4                        . = ALIGN (0x4)
                [!provide]                        PROVIDE (__fini_array_start = .)
 *(SORT_BY_NAME(.fini_array.*))
 *(.fini_array*)
 .fini_array    0x080087d4        0x4 C:/ST/STM32CubeIDE_1.19.0/STM32CubeIDE/plugins/com.st.stm32cube.ide.mcu.externaltools.gnu-tools-for-stm32.13.3.rel1.win32_1.0.0.202411081344/tools/bin/../lib/gcc/arm-none-eabi/13.3.1/thumb/v7e-m+fp/hard/crtbegin.o
                [!provide]                        PROVIDE (__fini_array_end = .)
                0x080087d8                        . = ALIGN (0x4)
                0x080087d8                        _sidata = LOADADDR (.data)

.rel.dyn        0x080087d8        0x0
 .rel.iplt      0x080087d8        0x0 C:/ST/STM32CubeIDE_1.19.0/STM32CubeIDE/plugins/com.st.stm32cube.ide.mcu.externaltools.gnu-tools-for-stm32.13.3.rel1.win32_1.0.0.202411081344/tools/bin/../lib/gcc/arm-none-eabi/13.3.1/thumb/v7e-m+fp/hard/crtbegin.o

.data           0x20000000       0x80 load address 0x080087d8
                0x20000000                        . = ALIGN (0x4)
                0x20000000                        _sdata = .
 *(.data)
 *(.data*)
 .data.X_MSB_reg_addr
                0x20000000        0x1 ./Application/accelerometer_sens.o
                0x20000000                X_MSB_reg_addr
 .data.CTRL_reg1_config_addr
                0x20000001        0x1 ./Application/accelerometer_sens.o
                0x20000001                CTRL_reg1_config_addr
 .data.CTRL_reg2_config_addr
                0x20000002        0x1 ./Application/accelerometer_sens.o
                0x20000002                CTRL_reg2_config_addr
 .data.XYZ_reg_config_addr
                0x20000003        0x1 ./Application/accelerometer_sens.o
                0x20000003                XYZ_reg_config_addr
 .data.CTRL_reg1_active_write
                0x20000004        0x1 ./Application/accelerometer_sens.o
                0x20000004                CTRL_reg1_active_write
 .data.CTRL_reg2_write
                0x20000005        0x1 ./Application/accelerometer_sens.o
                0x20000005                CTRL_reg2_write
 .data.XYZ_reg_config_write
                0x20000006        0x1 ./Application/accelerometer_sens.o
                0x20000006                XYZ_reg_config_write
 *fill*         0x20000007        0x1 
 .data.sens_obj_arr
                0x20000008       0x18 ./Application/sens_detect.o
 .data.SystemCoreClock
                0x20000020        0x4 ./Core/Src/system_stm32g4xx.o
                0x20000020                SystemCoreClock
 .data.uwTickPrio
                0x20000024        0x4 ./Drivers/STM32G4xx_HAL_Driver/Src/stm32g4xx_hal.o
                0x20000024                uwTickPrio
 .data.uwTickFreq
                0x20000028        0x4 ./Drivers/STM32G4xx_HAL_Driver/Src/stm32g4xx_hal.o
                0x20000028                uwTickFreq
 .data.uxCriticalNesting
                0x2000002c        0x4 ./Middlewares/Third_Party/FreeRTOS/Source/portable/GCC/ARM_CM4F/port.o
 .data._impure_ptr
                0x20000030        0x4 C:/ST/STM32CubeIDE_1.19.0/STM32CubeIDE/plugins/com.st.stm32cube.ide.mcu.externaltools.gnu-tools-for-stm32.13.3.rel1.win32_1.0.0.202411081344/tools/bin/../lib/gcc/arm-none-eabi/13.3.1/../../../../arm-none-eabi/lib/thumb/v7e-m+fp/hard\libc_nano.a(libc_a-impure.o)
                0x20000030                _impure_ptr
 .data._impure_data
                0x20000034       0x4c C:/ST/STM32CubeIDE_1.19.0/STM32CubeIDE/plugins/com.st.stm32cube.ide.mcu.externaltools.gnu-tools-for-stm32.13.3.rel1.win32_1.0.0.202411081344/tools/bin/../lib/gcc/arm-none-eabi/13.3.1/../../../../arm-none-eabi/lib/thumb/v7e-m+fp/hard\libc_nano.a(libc_a-impure.o)
                0x20000034                _impure_data
 *(.RamFunc)
 *(.RamFunc*)
                0x20000080                        . = ALIGN (0x4)
                0x20000080                        _edata = .

.igot.plt       0x20000080        0x0 load address 0x08008858
 .igot.plt      0x20000080        0x0 C:/ST/STM32CubeIDE_1.19.0/STM32CubeIDE/plugins/com.st.stm32cube.ide.mcu.externaltools.gnu-tools-for-stm32.13.3.rel1.win32_1.0.0.202411081344/tools/bin/../lib/gcc/arm-none-eabi/13.3.1/thumb/v7e-m+fp/hard/crtbegin.o
                0x20000080                        . = ALIGN (0x4)

.bss            0x20000080    0x13934 load address 0x08008858
                0x20000080                        _sbss = .
                0x20000080                        __bss_start__ = _sbss
 *(.bss)
 .bss           0x20000080       0x1c C:/ST/STM32CubeIDE_1.19.0/STM32CubeIDE/plugins/com.st.stm32cube.ide.mcu.externaltools.gnu-tools-for-stm32.13.3.rel1.win32_1.0.0.202411081344/tools/bin/../lib/gcc/arm-none-eabi/13.3.1/thumb/v7e-m+fp/hard/crtbegin.o
 *(.bss*)
 .bss.CTRL_reg1_standby_write
                0x2000009c        0x1 ./Application/accelerometer_sens.o
                0x2000009c                CTRL_reg1_standby_write
 .bss.accelormeter_recieve_status
                0x2000009d        0x1 ./Application/accelerometer_sens.o
                0x2000009d                accelormeter_recieve_status
 *fill*         0x2000009e        0x2 
 .bss.accelerometer_thread_id
                0x200000a0        0x4 ./Application/accelerometer_sens.o
                0x200000a0                accelerometer_thread_id
 .bss.accelerometer_active
                0x200000a4        0x1 ./Application/accelerometer_sens.o
                0x200000a4                accelerometer_active
 *fill*         0x200000a5        0x3 
 .bss.imgbuff   0x200000a8     0xa000 ./Application/display_driver.o
                0x200000a8                imgbuff
 .bss.light_sens_active
                0x2000a0a8        0x1 ./Application/light_sens.o
                0x2000a0a8                light_sens_active
 .bss.transmit_status
                0x2000a0a9        0x1 ./Application/light_sens.o
                0x2000a0a9                transmit_status
 .bss.light_sens_output
                0x2000a0aa        0x2 ./Application/light_sens.o
                0x2000a0aa                light_sens_output
 .bss.lightsens_thread_id
                0x2000a0ac        0x4 ./Application/light_sens.o
                0x2000a0ac                lightsens_thread_id
 .bss.config_transmit_status
                0x2000a0b0        0x1 ./Application/light_sens.o
                0x2000a0b0                config_transmit_status
 .bss.detected_status
                0x2000a0b1        0x1 ./Application/sens_detect.o
                0x2000a0b1                detected_status
 *fill*         0x2000a0b2        0x2 
 .bss.sensors_flag_id
                0x2000a0b4        0x4 ./Application/sens_detect.o
                0x2000a0b4                sensors_flag_id
 .bss.I2C_mutex_id
                0x2000a0b8        0x4 ./Application/sens_detect.o
                0x2000a0b8                I2C_mutex_id
 .bss.mutex_status
                0x2000a0bc        0x4 ./Application/sens_detect.o
                0x2000a0bc                mutex_status
 .bss.sens_detection_state
                0x2000a0c0        0x1 ./Application/sens_detect.o
                0x2000a0c0                sens_detection_state
 .bss.temp_sen_status
                0x2000a0c1        0x1 ./Application/temp_sens.o
                0x2000a0c1                temp_sen_status
 .bss.temp_sens_active
                0x2000a0c2        0x1 ./Application/temp_sens.o
                0x2000a0c2                temp_sens_active
 *fill*         0x2000a0c3        0x1 
 .bss.temp_sens_thread_id
                0x2000a0c4        0x4 ./Application/temp_sens.o
                0x2000a0c4                temp_sens_thread_id
 .bss.defaultTaskHandle
                0x2000a0c8        0x4 ./Core/Src/app_freertos.o
                0x2000a0c8                defaultTaskHandle
 .bss.hi2c2     0x2000a0cc       0x54 ./Core/Src/i2c.o
                0x2000a0cc                hi2c2
 .bss.hspi2     0x2000a120       0x64 ./Core/Src/spi.o
                0x2000a120                hspi2
 .bss.htim6     0x2000a184       0x4c ./Core/Src/stm32g4xx_hal_timebase_tim.o
                0x2000a184                htim6
 .bss.uwTick    0x2000a1d0        0x4 ./Drivers/STM32G4xx_HAL_Driver/Src/stm32g4xx_hal.o
                0x2000a1d0                uwTick
 .bss.KernelState
                0x2000a1d4        0x4 ./Middlewares/Third_Party/FreeRTOS/Source/CMSIS_RTOS_V2/cmsis_os2.o
 .bss.Idle_TCB.3
                0x2000a1d8       0xa8 ./Middlewares/Third_Party/FreeRTOS/Source/CMSIS_RTOS_V2/cmsis_os2.o
 .bss.Idle_Stack.2
                0x2000a280      0x200 ./Middlewares/Third_Party/FreeRTOS/Source/CMSIS_RTOS_V2/cmsis_os2.o
 .bss.Timer_TCB.1
                0x2000a480       0xa8 ./Middlewares/Third_Party/FreeRTOS/Source/CMSIS_RTOS_V2/cmsis_os2.o
 .bss.Timer_Stack.0
                0x2000a528      0x400 ./Middlewares/Third_Party/FreeRTOS/Source/CMSIS_RTOS_V2/cmsis_os2.o
 .bss.xQueueRegistry
                0x2000a928       0x40 ./Middlewares/Third_Party/FreeRTOS/Source/queue.o
                0x2000a928                xQueueRegistry
 .bss.pxCurrentTCB
                0x2000a968        0x4 ./Middlewares/Third_Party/FreeRTOS/Source/tasks.o
                0x2000a968                pxCurrentTCB
 .bss.pxReadyTasksLists
                0x2000a96c      0x460 ./Middlewares/Third_Party/FreeRTOS/Source/tasks.o
 .bss.xDelayedTaskList1
                0x2000adcc       0x14 ./Middlewares/Third_Party/FreeRTOS/Source/tasks.o
 .bss.xDelayedTaskList2
                0x2000ade0       0x14 ./Middlewares/Third_Party/FreeRTOS/Source/tasks.o
 .bss.pxDelayedTaskList
                0x2000adf4        0x4 ./Middlewares/Third_Party/FreeRTOS/Source/tasks.o
 .bss.pxOverflowDelayedTaskList
                0x2000adf8        0x4 ./Middlewares/Third_Party/FreeRTOS/Source/tasks.o
 .bss.xPendingReadyList
                0x2000adfc       0x14 ./Middlewares/Third_Party/FreeRTOS/Source/tasks.o
 .bss.xTasksWaitingTermination
                0x2000ae10       0x14 ./Middlewares/Third_Party/FreeRTOS/Source/tasks.o
 .bss.uxDeletedTasksWaitingCleanUp
                0x2000ae24        0x4 ./Middlewares/Third_Party/FreeRTOS/Source/tasks.o
 .bss.xSuspendedTaskList
                0x2000ae28       0x14 ./Middlewares/Third_Party/FreeRTOS/Source/tasks.o
 .bss.uxCurrentNumberOfTasks
                0x2000ae3c        0x4 ./Middlewares/Third_Party/FreeRTOS/Source/tasks.o
 .bss.xTickCount
                0x2000ae40        0x4 ./Middlewares/Third_Party/FreeRTOS/Source/tasks.o
 .bss.uxTopReadyPriority
                0x2000ae44        0x4 ./Middlewares/Third_Party/FreeRTOS/Source/tasks.o
 .bss.xSchedulerRunning
                0x2000ae48        0x4 ./Middlewares/Third_Party/FreeRTOS/Source/tasks.o
 .bss.xPendedTicks
                0x2000ae4c        0x4 ./Middlewares/Third_Party/FreeRTOS/Source/tasks.o
 .bss.xYieldPending
                0x2000ae50        0x4 ./Middlewares/Third_Party/FreeRTOS/Source/tasks.o
 .bss.xNumOfOverflows
                0x2000ae54        0x4 ./Middlewares/Third_Party/FreeRTOS/Source/tasks.o
 .bss.uxTaskNumber
                0x2000ae58        0x4 ./Middlewares/Third_Party/FreeRTOS/Source/tasks.o
 .bss.xNextTaskUnblockTime
                0x2000ae5c        0x4 ./Middlewares/Third_Party/FreeRTOS/Source/tasks.o
 .bss.xIdleTaskHandle
                0x2000ae60        0x4 ./Middlewares/Third_Party/FreeRTOS/Source/tasks.o
 .bss.uxSchedulerSuspended
                0x2000ae64        0x4 ./Middlewares/Third_Party/FreeRTOS/Source/tasks.o
 .bss.xActiveTimerList1
                0x2000ae68       0x14 ./Middlewares/Third_Party/FreeRTOS/Source/timers.o
 .bss.xActiveTimerList2
                0x2000ae7c       0x14 ./Middlewares/Third_Party/FreeRTOS/Source/timers.o
 .bss.pxCurrentTimerList
                0x2000ae90        0x4 ./Middlewares/Third_Party/FreeRTOS/Source/timers.o
 .bss.pxOverflowTimerList
                0x2000ae94        0x4 ./Middlewares/Third_Party/FreeRTOS/Source/timers.o
 .bss.xTimerQueue
                0x2000ae98        0x4 ./Middlewares/Third_Party/FreeRTOS/Source/timers.o
 .bss.xTimerTaskHandle
                0x2000ae9c        0x4 ./Middlewares/Third_Party/FreeRTOS/Source/timers.o
 .bss.xLastTime.2
                0x2000aea0        0x4 ./Middlewares/Third_Party/FreeRTOS/Source/timers.o
 .bss.ucStaticTimerQueueStorage.1
                0x2000aea4       0xa0 ./Middlewares/Third_Party/FreeRTOS/Source/timers.o
 .bss.xStaticTimerQueue.0
                0x2000af44       0x50 ./Middlewares/Third_Party/FreeRTOS/Source/timers.o
 .bss.ucMaxSysCallPriority
                0x2000af94        0x1 ./Middlewares/Third_Party/FreeRTOS/Source/portable/GCC/ARM_CM4F/port.o
 *fill*         0x2000af95        0x3 
 .bss.ulMaxPRIGROUPValue
                0x2000af98        0x4 ./Middlewares/Third_Party/FreeRTOS/Source/portable/GCC/ARM_CM4F/port.o
 .bss.ucHeap    0x2000af9c     0x88b8 ./Middlewares/Third_Party/FreeRTOS/Source/portable/MemMang/heap_4.o
 .bss.xStart    0x20013854        0x8 ./Middlewares/Third_Party/FreeRTOS/Source/portable/MemMang/heap_4.o
 .bss.pxEnd     0x2001385c        0x4 ./Middlewares/Third_Party/FreeRTOS/Source/portable/MemMang/heap_4.o
 .bss.xFreeBytesRemaining
                0x20013860        0x4 ./Middlewares/Third_Party/FreeRTOS/Source/portable/MemMang/heap_4.o
 .bss.xMinimumEverFreeBytesRemaining
                0x20013864        0x4 ./Middlewares/Third_Party/FreeRTOS/Source/portable/MemMang/heap_4.o
 .bss.xNumberOfSuccessfulAllocations
                0x20013868        0x4 ./Middlewares/Third_Party/FreeRTOS/Source/portable/MemMang/heap_4.o
 .bss.xNumberOfSuccessfulFrees
                0x2001386c        0x4 ./Middlewares/Third_Party/FreeRTOS/Source/portable/MemMang/heap_4.o
 .bss.xBlockAllocatedBit
                0x20013870        0x4 ./Middlewares/Third_Party/FreeRTOS/Source/portable/MemMang/heap_4.o
 .bss.__sf      0x20013874      0x138 C:/ST/STM32CubeIDE_1.19.0/STM32CubeIDE/plugins/com.st.stm32cube.ide.mcu.externaltools.gnu-tools-for-stm32.13.3.rel1.win32_1.0.0.202411081344/tools/bin/../lib/gcc/arm-none-eabi/13.3.1/../../../../arm-none-eabi/lib/thumb/v7e-m+fp/hard\libc_nano.a(libc_a-findfp.o)
                0x20013874                __sf
 .bss.__lock___malloc_recursive_mutex
                0x200139ac        0x1 C:/ST/STM32CubeIDE_1.19.0/STM32CubeIDE/plugins/com.st.stm32cube.ide.mcu.externaltools.gnu-tools-for-stm32.13.3.rel1.win32_1.0.0.202411081344/tools/bin/../lib/gcc/arm-none-eabi/13.3.1/../../../../arm-none-eabi/lib/thumb/v7e-m+fp/hard\libc_nano.a(libc_a-lock.o)
                0x200139ac                __lock___malloc_recursive_mutex
 *fill*         0x200139ad        0x3 
 .bss.__malloc_free_list
                0x200139b0        0x4 C:/ST/STM32CubeIDE_1.19.0/STM32CubeIDE/plugins/com.st.stm32cube.ide.mcu.externaltools.gnu-tools-for-stm32.13.3.rel1.win32_1.0.0.202411081344/tools/bin/../lib/gcc/arm-none-eabi/13.3.1/../../../../arm-none-eabi/lib/thumb/v7e-m+fp/hard\libc_nano.a(libc_a-mallocr.o)
                0x200139b0                __malloc_free_list
 *(COMMON)
                0x200139b4                        . = ALIGN (0x4)
                0x200139b4                        _ebss = .
                0x200139b4                        __bss_end__ = _ebss

._user_heap_stack
                0x200139b4      0x604 load address 0x08008858
                0x200139b8                        . = ALIGN (0x8)
 *fill*         0x200139b4        0x4 
                [!provide]                        PROVIDE (end = .)
                0x200139b8                        PROVIDE (_end = .)
                0x20013bb8                        . = (. + _Min_Heap_Size)
 *fill*         0x200139b8      0x200 
                0x20013fb8                        . = (. + _Min_Stack_Size)
 *fill*         0x20013bb8      0x400 
                0x20013fb8                        . = ALIGN (0x8)

/DISCARD/
 libc.a(*)
 libm.a(*)
 libgcc.a(*)

.ARM.attributes
                0x00000000       0x30
 *(.ARM.attributes)
 .ARM.attributes
                0x00000000       0x22 C:/ST/STM32CubeIDE_1.19.0/STM32CubeIDE/plugins/com.st.stm32cube.ide.mcu.externaltools.gnu-tools-for-stm32.13.3.rel1.win32_1.0.0.202411081344/tools/bin/../lib/gcc/arm-none-eabi/13.3.1/thumb/v7e-m+fp/hard/crti.o
 .ARM.attributes
                0x00000022       0x34 C:/ST/STM32CubeIDE_1.19.0/STM32CubeIDE/plugins/com.st.stm32cube.ide.mcu.externaltools.gnu-tools-for-stm32.13.3.rel1.win32_1.0.0.202411081344/tools/bin/../lib/gcc/arm-none-eabi/13.3.1/thumb/v7e-m+fp/hard/crtbegin.o
 .ARM.attributes
                0x00000056       0x34 ./Application/accelerometer_sens.o
 .ARM.attributes
                0x0000008a       0x34 ./Application/display_driver.o
 .ARM.attributes
                0x000000be       0x34 ./Application/light_sens.o
 .ARM.attributes
                0x000000f2       0x34 ./Application/myapp.o
 .ARM.attributes
                0x00000126       0x34 ./Application/sens_detect.o
 .ARM.attributes
                0x0000015a       0x34 ./Application/temp_sens.o
 .ARM.attributes
                0x0000018e       0x34 ./Core/Src/app_freertos.o
 .ARM.attributes
                0x000001c2       0x34 ./Core/Src/gpio.o
 .ARM.attributes
                0x000001f6       0x34 ./Core/Src/i2c.o
 .ARM.attributes
                0x0000022a       0x34 ./Core/Src/main.o
 .ARM.attributes
                0x0000025e       0x34 ./Core/Src/spi.o
 .ARM.attributes
                0x00000292       0x34 ./Core/Src/stm32g4xx_hal_msp.o
 .ARM.attributes
                0x000002c6       0x34 ./Core/Src/stm32g4xx_hal_timebase_tim.o
 .ARM.attributes
                0x000002fa       0x34 ./Core/Src/stm32g4xx_it.o
 .ARM.attributes
                0x0000032e       0x34 ./Core/Src/system_stm32g4xx.o
 .ARM.attributes
                0x00000362       0x21 ./Core/Startup/startup_stm32g473cetx.o
 .ARM.attributes
                0x00000383       0x34 ./Drivers/STM32G4xx_HAL_Driver/Src/stm32g4xx_hal.o
 .ARM.attributes
                0x000003b7       0x34 ./Drivers/STM32G4xx_HAL_Driver/Src/stm32g4xx_hal_cortex.o
 .ARM.attributes
                0x000003eb       0x34 ./Drivers/STM32G4xx_HAL_Driver/Src/stm32g4xx_hal_gpio.o
 .ARM.attributes
                0x0000041f       0x34 ./Drivers/STM32G4xx_HAL_Driver/Src/stm32g4xx_hal_i2c.o
 .ARM.attributes
                0x00000453       0x34 ./Drivers/STM32G4xx_HAL_Driver/Src/stm32g4xx_hal_i2c_ex.o
 .ARM.attributes
                0x00000487       0x34 ./Drivers/STM32G4xx_HAL_Driver/Src/stm32g4xx_hal_pwr_ex.o
 .ARM.attributes
                0x000004bb       0x34 ./Drivers/STM32G4xx_HAL_Driver/Src/stm32g4xx_hal_rcc.o
 .ARM.attributes
                0x000004ef       0x34 ./Drivers/STM32G4xx_HAL_Driver/Src/stm32g4xx_hal_rcc_ex.o
 .ARM.attributes
                0x00000523       0x34 ./Drivers/STM32G4xx_HAL_Driver/Src/stm32g4xx_hal_spi.o
 .ARM.attributes
                0x00000557       0x34 ./Drivers/STM32G4xx_HAL_Driver/Src/stm32g4xx_hal_tim.o
 .ARM.attributes
                0x0000058b       0x34 ./Drivers/STM32G4xx_HAL_Driver/Src/stm32g4xx_hal_tim_ex.o
 .ARM.attributes
                0x000005bf       0x34 ./Middlewares/Third_Party/FreeRTOS/Source/CMSIS_RTOS_V2/cmsis_os2.o
 .ARM.attributes
                0x000005f3       0x34 ./Middlewares/Third_Party/FreeRTOS/Source/event_groups.o
 .ARM.attributes
                0x00000627       0x34 ./Middlewares/Third_Party/FreeRTOS/Source/list.o
 .ARM.attributes
                0x0000065b       0x34 ./Middlewares/Third_Party/FreeRTOS/Source/queue.o
 .ARM.attributes
                0x0000068f       0x34 ./Middlewares/Third_Party/FreeRTOS/Source/tasks.o
 .ARM.attributes
                0x000006c3       0x34 ./Middlewares/Third_Party/FreeRTOS/Source/timers.o
 .ARM.attributes
                0x000006f7       0x34 ./Middlewares/Third_Party/FreeRTOS/Source/portable/GCC/ARM_CM4F/port.o
 .ARM.attributes
                0x0000072b       0x34 ./Middlewares/Third_Party/FreeRTOS/Source/portable/MemMang/heap_4.o
 .ARM.attributes
                0x0000075f       0x34 C:/ST/STM32CubeIDE_1.19.0/STM32CubeIDE/plugins/com.st.stm32cube.ide.mcu.externaltools.gnu-tools-for-stm32.13.3.rel1.win32_1.0.0.202411081344/tools/bin/../lib/gcc/arm-none-eabi/13.3.1/../../../../arm-none-eabi/lib/thumb/v7e-m+fp/hard\libc_nano.a(libc_a-findfp.o)
 .ARM.attributes
                0x00000793       0x34 C:/ST/STM32CubeIDE_1.19.0/STM32CubeIDE/plugins/com.st.stm32cube.ide.mcu.externaltools.gnu-tools-for-stm32.13.3.rel1.win32_1.0.0.202411081344/tools/bin/../lib/gcc/arm-none-eabi/13.3.1/../../../../arm-none-eabi/lib/thumb/v7e-m+fp/hard\libc_nano.a(libc_a-memset.o)
 .ARM.attributes
                0x000007c7       0x34 C:/ST/STM32CubeIDE_1.19.0/STM32CubeIDE/plugins/com.st.stm32cube.ide.mcu.externaltools.gnu-tools-for-stm32.13.3.rel1.win32_1.0.0.202411081344/tools/bin/../lib/gcc/arm-none-eabi/13.3.1/../../../../arm-none-eabi/lib/thumb/v7e-m+fp/hard\libc_nano.a(libc_a-reent.o)
 .ARM.attributes
                0x000007fb       0x34 C:/ST/STM32CubeIDE_1.19.0/STM32CubeIDE/plugins/com.st.stm32cube.ide.mcu.externaltools.gnu-tools-for-stm32.13.3.rel1.win32_1.0.0.202411081344/tools/bin/../lib/gcc/arm-none-eabi/13.3.1/../../../../arm-none-eabi/lib/thumb/v7e-m+fp/hard\libc_nano.a(libc_a-impure.o)
 .ARM.attributes
                0x0000082f       0x34 C:/ST/STM32CubeIDE_1.19.0/STM32CubeIDE/plugins/com.st.stm32cube.ide.mcu.externaltools.gnu-tools-for-stm32.13.3.rel1.win32_1.0.0.202411081344/tools/bin/../lib/gcc/arm-none-eabi/13.3.1/../../../../arm-none-eabi/lib/thumb/v7e-m+fp/hard\libc_nano.a(libc_a-init.o)
 .ARM.attributes
                0x00000863       0x34 C:/ST/STM32CubeIDE_1.19.0/STM32CubeIDE/plugins/com.st.stm32cube.ide.mcu.externaltools.gnu-tools-for-stm32.13.3.rel1.win32_1.0.0.202411081344/tools/bin/../lib/gcc/arm-none-eabi/13.3.1/../../../../arm-none-eabi/lib/thumb/v7e-m+fp/hard\libc_nano.a(libc_a-lock.o)
 .ARM.attributes
                0x00000897       0x34 C:/ST/STM32CubeIDE_1.19.0/STM32CubeIDE/plugins/com.st.stm32cube.ide.mcu.externaltools.gnu-tools-for-stm32.13.3.rel1.win32_1.0.0.202411081344/tools/bin/../lib/gcc/arm-none-eabi/13.3.1/../../../../arm-none-eabi/lib/thumb/v7e-m+fp/hard\libc_nano.a(libc_a-memcpy-stub.o)
 .ARM.attributes
                0x000008cb       0x34 C:/ST/STM32CubeIDE_1.19.0/STM32CubeIDE/plugins/com.st.stm32cube.ide.mcu.externaltools.gnu-tools-for-stm32.13.3.rel1.win32_1.0.0.202411081344/tools/bin/../lib/gcc/arm-none-eabi/13.3.1/../../../../arm-none-eabi/lib/thumb/v7e-m+fp/hard\libc_nano.a(libc_a-freer.o)
 .ARM.attributes
                0x000008ff       0x34 C:/ST/STM32CubeIDE_1.19.0/STM32CubeIDE/plugins/com.st.stm32cube.ide.mcu.externaltools.gnu-tools-for-stm32.13.3.rel1.win32_1.0.0.202411081344/tools/bin/../lib/gcc/arm-none-eabi/13.3.1/../../../../arm-none-eabi/lib/thumb/v7e-m+fp/hard\libc_nano.a(libc_a-mallocr.o)
 .ARM.attributes
                0x00000933       0x34 C:/ST/STM32CubeIDE_1.19.0/STM32CubeIDE/plugins/com.st.stm32cube.ide.mcu.externaltools.gnu-tools-for-stm32.13.3.rel1.win32_1.0.0.202411081344/tools/bin/../lib/gcc/arm-none-eabi/13.3.1/../../../../arm-none-eabi/lib/thumb/v7e-m+fp/hard\libc_nano.a(libc_a-mlock.o)
 .ARM.attributes
                0x00000967       0x22 C:/ST/STM32CubeIDE_1.19.0/STM32CubeIDE/plugins/com.st.stm32cube.ide.mcu.externaltools.gnu-tools-for-stm32.13.3.rel1.win32_1.0.0.202411081344/tools/bin/../lib/gcc/arm-none-eabi/13.3.1/thumb/v7e-m+fp/hard/crtn.o
OUTPUT(sensor_platfor_test3.elf elf32-littlearm)
LOAD linker stubs
LOAD C:/ST/STM32CubeIDE_1.19.0/STM32CubeIDE/plugins/com.st.stm32cube.ide.mcu.externaltools.gnu-tools-for-stm32.13.3.rel1.win32_1.0.0.202411081344/tools/bin/../lib/gcc/arm-none-eabi/13.3.1/../../../../arm-none-eabi/lib/thumb/v7e-m+fp/hard\libc.a
LOAD C:/ST/STM32CubeIDE_1.19.0/STM32CubeIDE/plugins/com.st.stm32cube.ide.mcu.externaltools.gnu-tools-for-stm32.13.3.rel1.win32_1.0.0.202411081344/tools/bin/../lib/gcc/arm-none-eabi/13.3.1/../../../../arm-none-eabi/lib/thumb/v7e-m+fp/hard\libm.a
LOAD C:/ST/STM32CubeIDE_1.19.0/STM32CubeIDE/plugins/com.st.stm32cube.ide.mcu.externaltools.gnu-tools-for-stm32.13.3.rel1.win32_1.0.0.202411081344/tools/bin/../lib/gcc/arm-none-eabi/13.3.1/thumb/v7e-m+fp/hard\libgcc.a

.debug_info     0x00000000    0x217d0
 .debug_info    0x00000000      0xd71 ./Application/accelerometer_sens.o
 .debug_info    0x00000d71      0xe0c ./Application/display_driver.o
 .debug_info    0x00001b7d      0xc79 ./Application/light_sens.o
 .debug_info    0x000027f6      0x1f6 ./Application/myapp.o
 .debug_info    0x000029ec      0xce8 ./Application/sens_detect.o
 .debug_info    0x000036d4      0xc66 ./Application/temp_sens.o
 .debug_info    0x0000433a      0x39b ./Core/Src/app_freertos.o
 .debug_info    0x000046d5      0x44c ./Core/Src/gpio.o
 .debug_info    0x00004b21      0xcad ./Core/Src/i2c.o
 .debug_info    0x000057ce      0xac4 ./Core/Src/main.o
 .debug_info    0x00006292      0xb17 ./Core/Src/spi.o
 .debug_info    0x00006da9      0x576 ./Core/Src/stm32g4xx_hal_msp.o
 .debug_info    0x0000731f      0xe48 ./Core/Src/stm32g4xx_hal_timebase_tim.o
 .debug_info    0x00008167      0x841 ./Core/Src/stm32g4xx_it.o
 .debug_info    0x000089a8      0x58e ./Core/Src/system_stm32g4xx.o
 .debug_info    0x00008f36       0x30 ./Core/Startup/startup_stm32g473cetx.o
 .debug_info    0x00008f66      0xb65 ./Drivers/STM32G4xx_HAL_Driver/Src/stm32g4xx_hal.o
 .debug_info    0x00009acb      0xdc9 ./Drivers/STM32G4xx_HAL_Driver/Src/stm32g4xx_hal_cortex.o
 .debug_info    0x0000a894      0x772 ./Drivers/STM32G4xx_HAL_Driver/Src/stm32g4xx_hal_gpio.o
 .debug_info    0x0000b006     0x21ea ./Drivers/STM32G4xx_HAL_Driver/Src/stm32g4xx_hal_i2c.o
 .debug_info    0x0000d1f0      0xad6 ./Drivers/STM32G4xx_HAL_Driver/Src/stm32g4xx_hal_i2c_ex.o
 .debug_info    0x0000dcc6      0x944 ./Drivers/STM32G4xx_HAL_Driver/Src/stm32g4xx_hal_pwr_ex.o
 .debug_info    0x0000e60a      0xbf9 ./Drivers/STM32G4xx_HAL_Driver/Src/stm32g4xx_hal_rcc.o
 .debug_info    0x0000f203      0xc5d ./Drivers/STM32G4xx_HAL_Driver/Src/stm32g4xx_hal_rcc_ex.o
 .debug_info    0x0000fe60     0x1677 ./Drivers/STM32G4xx_HAL_Driver/Src/stm32g4xx_hal_spi.o
 .debug_info    0x000114d7     0x2c52 ./Drivers/STM32G4xx_HAL_Driver/Src/stm32g4xx_hal_tim.o
 .debug_info    0x00014129     0x1d95 ./Drivers/STM32G4xx_HAL_Driver/Src/stm32g4xx_hal_tim_ex.o
 .debug_info    0x00015ebe     0x4155 ./Middlewares/Third_Party/FreeRTOS/Source/CMSIS_RTOS_V2/cmsis_os2.o
 .debug_info    0x0001a013      0xbd1 ./Middlewares/Third_Party/FreeRTOS/Source/event_groups.o
 .debug_info    0x0001abe4      0x2af ./Middlewares/Third_Party/FreeRTOS/Source/list.o
 .debug_info    0x0001ae93     0x1b79 ./Middlewares/Third_Party/FreeRTOS/Source/queue.o
 .debug_info    0x0001ca0c     0x28c1 ./Middlewares/Third_Party/FreeRTOS/Source/tasks.o
 .debug_info    0x0001f2cd     0x1b50 ./Middlewares/Third_Party/FreeRTOS/Source/timers.o
 .debug_info    0x00020e1d      0x4de ./Middlewares/Third_Party/FreeRTOS/Source/portable/GCC/ARM_CM4F/port.o
 .debug_info    0x000212fb      0x4d5 ./Middlewares/Third_Party/FreeRTOS/Source/portable/MemMang/heap_4.o

.debug_abbrev   0x00000000     0x4dcc
 .debug_abbrev  0x00000000      0x20d ./Application/accelerometer_sens.o
 .debug_abbrev  0x0000020d      0x267 ./Application/display_driver.o
 .debug_abbrev  0x00000474      0x1c8 ./Application/light_sens.o
 .debug_abbrev  0x0000063c      0x109 ./Application/myapp.o
 .debug_abbrev  0x00000745      0x1e6 ./Application/sens_detect.o
 .debug_abbrev  0x0000092b      0x1d8 ./Application/temp_sens.o
 .debug_abbrev  0x00000b03      0x144 ./Core/Src/app_freertos.o
 .debug_abbrev  0x00000c47      0x159 ./Core/Src/gpio.o
 .debug_abbrev  0x00000da0      0x21a ./Core/Src/i2c.o
 .debug_abbrev  0x00000fba      0x264 ./Core/Src/main.o
 .debug_abbrev  0x0000121e      0x1f6 ./Core/Src/spi.o
 .debug_abbrev  0x00001414      0x11a ./Core/Src/stm32g4xx_hal_msp.o
 .debug_abbrev  0x0000152e      0x223 ./Core/Src/stm32g4xx_hal_timebase_tim.o
 .debug_abbrev  0x00001751      0x1ad ./Core/Src/stm32g4xx_it.o
 .debug_abbrev  0x000018fe      0x11a ./Core/Src/system_stm32g4xx.o
 .debug_abbrev  0x00001a18       0x24 ./Core/Startup/startup_stm32g473cetx.o
 .debug_abbrev  0x00001a3c      0x271 ./Drivers/STM32G4xx_HAL_Driver/Src/stm32g4xx_hal.o
 .debug_abbrev  0x00001cad      0x31c ./Drivers/STM32G4xx_HAL_Driver/Src/stm32g4xx_hal_cortex.o
 .debug_abbrev  0x00001fc9      0x1d2 ./Drivers/STM32G4xx_HAL_Driver/Src/stm32g4xx_hal_gpio.o
 .debug_abbrev  0x0000219b      0x25e ./Drivers/STM32G4xx_HAL_Driver/Src/stm32g4xx_hal_i2c.o
 .debug_abbrev  0x000023f9      0x1c0 ./Drivers/STM32G4xx_HAL_Driver/Src/stm32g4xx_hal_i2c_ex.o
 .debug_abbrev  0x000025b9      0x22c ./Drivers/STM32G4xx_HAL_Driver/Src/stm32g4xx_hal_pwr_ex.o
 .debug_abbrev  0x000027e5      0x2c9 ./Drivers/STM32G4xx_HAL_Driver/Src/stm32g4xx_hal_rcc.o
 .debug_abbrev  0x00002aae      0x261 ./Drivers/STM32G4xx_HAL_Driver/Src/stm32g4xx_hal_rcc_ex.o
 .debug_abbrev  0x00002d0f      0x25d ./Drivers/STM32G4xx_HAL_Driver/Src/stm32g4xx_hal_spi.o
 .debug_abbrev  0x00002f6c      0x2a7 ./Drivers/STM32G4xx_HAL_Driver/Src/stm32g4xx_hal_tim.o
 .debug_abbrev  0x00003213      0x2c5 ./Drivers/STM32G4xx_HAL_Driver/Src/stm32g4xx_hal_tim_ex.o
 .debug_abbrev  0x000034d8      0x548 ./Middlewares/Third_Party/FreeRTOS/Source/CMSIS_RTOS_V2/cmsis_os2.o
 .debug_abbrev  0x00003a20      0x322 ./Middlewares/Third_Party/FreeRTOS/Source/event_groups.o
 .debug_abbrev  0x00003d42       0xf5 ./Middlewares/Third_Party/FreeRTOS/Source/list.o
 .debug_abbrev  0x00003e37      0x3b6 ./Middlewares/Third_Party/FreeRTOS/Source/queue.o
 .debug_abbrev  0x000041ed      0x3fe ./Middlewares/Third_Party/FreeRTOS/Source/tasks.o
 .debug_abbrev  0x000045eb      0x368 ./Middlewares/Third_Party/FreeRTOS/Source/timers.o
 .debug_abbrev  0x00004953      0x25c ./Middlewares/Third_Party/FreeRTOS/Source/portable/GCC/ARM_CM4F/port.o
 .debug_abbrev  0x00004baf      0x21d ./Middlewares/Third_Party/FreeRTOS/Source/portable/MemMang/heap_4.o

.debug_aranges  0x00000000     0x1c70
 .debug_aranges
                0x00000000       0x38 ./Application/accelerometer_sens.o
 .debug_aranges
                0x00000038       0xd8 ./Application/display_driver.o
 .debug_aranges
                0x00000110       0x30 ./Application/light_sens.o
 .debug_aranges
                0x00000140       0x20 ./Application/myapp.o
 .debug_aranges
                0x00000160       0x38 ./Application/sens_detect.o
 .debug_aranges
                0x00000198       0x30 ./Application/temp_sens.o
 .debug_aranges
                0x000001c8       0x28 ./Core/Src/app_freertos.o
 .debug_aranges
                0x000001f0       0x20 ./Core/Src/gpio.o
 .debug_aranges
                0x00000210       0x30 ./Core/Src/i2c.o
 .debug_aranges
                0x00000240       0x38 ./Core/Src/main.o
 .debug_aranges
                0x00000278       0x30 ./Core/Src/spi.o
 .debug_aranges
                0x000002a8       0x20 ./Core/Src/stm32g4xx_hal_msp.o
 .debug_aranges
                0x000002c8       0x30 ./Core/Src/stm32g4xx_hal_timebase_tim.o
 .debug_aranges
                0x000002f8       0x50 ./Core/Src/stm32g4xx_it.o
 .debug_aranges
                0x00000348       0x28 ./Core/Src/system_stm32g4xx.o
 .debug_aranges
                0x00000370       0x28 ./Core/Startup/startup_stm32g473cetx.o
 .debug_aranges
                0x00000398      0x148 ./Drivers/STM32G4xx_HAL_Driver/Src/stm32g4xx_hal.o
 .debug_aranges
                0x000004e0      0x128 ./Drivers/STM32G4xx_HAL_Driver/Src/stm32g4xx_hal_cortex.o
 .debug_aranges
                0x00000608       0x58 ./Drivers/STM32G4xx_HAL_Driver/Src/stm32g4xx_hal_gpio.o
 .debug_aranges
                0x00000660      0x2a0 ./Drivers/STM32G4xx_HAL_Driver/Src/stm32g4xx_hal_i2c.o
 .debug_aranges
                0x00000900       0x48 ./Drivers/STM32G4xx_HAL_Driver/Src/stm32g4xx_hal_i2c_ex.o
 .debug_aranges
                0x00000948      0x140 ./Drivers/STM32G4xx_HAL_Driver/Src/stm32g4xx_hal_pwr_ex.o
 .debug_aranges
                0x00000a88       0x98 ./Drivers/STM32G4xx_HAL_Driver/Src/stm32g4xx_hal_rcc.o
 .debug_aranges
                0x00000b20       0xb0 ./Drivers/STM32G4xx_HAL_Driver/Src/stm32g4xx_hal_rcc_ex.o
 .debug_aranges
                0x00000bd0      0x1d8 ./Drivers/STM32G4xx_HAL_Driver/Src/stm32g4xx_hal_spi.o
 .debug_aranges
                0x00000da8      0x3e0 ./Drivers/STM32G4xx_HAL_Driver/Src/stm32g4xx_hal_tim.o
 .debug_aranges
                0x00001188      0x240 ./Drivers/STM32G4xx_HAL_Driver/Src/stm32g4xx_hal_tim_ex.o
 .debug_aranges
                0x000013c8      0x2b0 ./Middlewares/Third_Party/FreeRTOS/Source/CMSIS_RTOS_V2/cmsis_os2.o
 .debug_aranges
                0x00001678       0x90 ./Middlewares/Third_Party/FreeRTOS/Source/event_groups.o
 .debug_aranges
                0x00001708       0x40 ./Middlewares/Third_Party/FreeRTOS/Source/list.o
 .debug_aranges
                0x00001748      0x158 ./Middlewares/Third_Party/FreeRTOS/Source/queue.o
 .debug_aranges
                0x000018a0      0x208 ./Middlewares/Third_Party/FreeRTOS/Source/tasks.o
 .debug_aranges
                0x00001aa8       0xf0 ./Middlewares/Third_Party/FreeRTOS/Source/timers.o
 .debug_aranges
                0x00001b98       0x80 ./Middlewares/Third_Party/FreeRTOS/Source/portable/GCC/ARM_CM4F/port.o
 .debug_aranges
                0x00001c18       0x58 ./Middlewares/Third_Party/FreeRTOS/Source/portable/MemMang/heap_4.o

.debug_rnglists
                0x00000000     0x15da
 .debug_rnglists
                0x00000000       0x26 ./Application/accelerometer_sens.o
 .debug_rnglists
                0x00000026       0x9e ./Application/display_driver.o
 .debug_rnglists
                0x000000c4       0x21 ./Application/light_sens.o
 .debug_rnglists
                0x000000e5       0x13 ./Application/myapp.o
 .debug_rnglists
                0x000000f8       0x26 ./Application/sens_detect.o
 .debug_rnglists
                0x0000011e       0x20 ./Application/temp_sens.o
 .debug_rnglists
                0x0000013e       0x19 ./Core/Src/app_freertos.o
 .debug_rnglists
                0x00000157       0x14 ./Core/Src/gpio.o
 .debug_rnglists
                0x0000016b       0x21 ./Core/Src/i2c.o
 .debug_rnglists
                0x0000018c       0x26 ./Core/Src/main.o
 .debug_rnglists
                0x000001b2       0x20 ./Core/Src/spi.o
 .debug_rnglists
                0x000001d2       0x13 ./Core/Src/stm32g4xx_hal_msp.o
 .debug_rnglists
                0x000001e5       0x20 ./Core/Src/stm32g4xx_hal_timebase_tim.o
 .debug_rnglists
                0x00000205       0x37 ./Core/Src/stm32g4xx_it.o
 .debug_rnglists
                0x0000023c       0x1a ./Core/Src/system_stm32g4xx.o
 .debug_rnglists
                0x00000256       0x19 ./Core/Startup/startup_stm32g473cetx.o
 .debug_rnglists
                0x0000026f       0xf1 ./Drivers/STM32G4xx_HAL_Driver/Src/stm32g4xx_hal.o
 .debug_rnglists
                0x00000360       0xda ./Drivers/STM32G4xx_HAL_Driver/Src/stm32g4xx_hal_cortex.o
 .debug_rnglists
                0x0000043a       0x3f ./Drivers/STM32G4xx_HAL_Driver/Src/stm32g4xx_hal_gpio.o
 .debug_rnglists
                0x00000479      0x228 ./Drivers/STM32G4xx_HAL_Driver/Src/stm32g4xx_hal_i2c.o
 .debug_rnglists
                0x000006a1       0x35 ./Drivers/STM32G4xx_HAL_Driver/Src/stm32g4xx_hal_i2c_ex.o
 .debug_rnglists
                0x000006d6       0xf1 ./Drivers/STM32G4xx_HAL_Driver/Src/stm32g4xx_hal_pwr_ex.o
 .debug_rnglists
                0x000007c7       0x74 ./Drivers/STM32G4xx_HAL_Driver/Src/stm32g4xx_hal_rcc.o
 .debug_rnglists
                0x0000083b       0x87 ./Drivers/STM32G4xx_HAL_Driver/Src/stm32g4xx_hal_rcc_ex.o
 .debug_rnglists
                0x000008c2      0x178 ./Drivers/STM32G4xx_HAL_Driver/Src/stm32g4xx_hal_spi.o
 .debug_rnglists
                0x00000a3a      0x32d ./Drivers/STM32G4xx_HAL_Driver/Src/stm32g4xx_hal_tim.o
 .debug_rnglists