../Application/display_driver.c:7:6:display_write_command	16	static
../Application/display_driver.c:14:6:display_write_data	16	static
../Application/display_driver.c:24:6:display_hardware_reset	8	static
../Application/display_driver.c:31:6:display_software_reset	8	static
../Application/display_driver.c:37:6:display_sleep_in	8	static
../Application/display_driver.c:43:6:display_sleep_out	8	static
../Application/display_driver.c:51:6:display_inversion_on	8	static
../Application/display_driver.c:55:6:display_on	8	static
../Application/display_driver.c:59:6:display_off	8	static
../Application/display_driver.c:63:6:display_start_frame	8	static
../Application/display_driver.c:67:6:display_portait_vertical_flipped	8	static
../Application/display_driver.c:75:6:display_idle_mode_on	8	static
../Application/display_driver.c:79:6:display_idle_mode_off	8	static
../Application/display_driver.c:85:6:display_pixel_format_16bit	8	static
../Application/display_driver.c:95:6:display_60hz_frame_rate_normal	8	static
../Application/display_driver.c:104:6:display_40hz_frame_rate_idle	8	static
../Application/display_driver.c:112:6:display_inversion_config	8	static
../Application/display_driver.c:122:6:display_set_columns	24	static
../Application/display_driver.c:135:6:display_set_rows	24	static
../Application/display_driver.c:151:6:display_set_img	24	static
../Application/display_driver.c:173:6:display_test_single_color	32	static
../Application/display_driver.c:189:6:display_config	8	static
../Application/display_driver.c:224:6:display_test_thread	8	static
../Application/display_driver.c:239:6:display_INIT	48	static
